
> build
> vite build

[36mvite v7.3.1 [32mbuilding client environment for production...[36m[39m
transforming...
[32mΓ£ô[39m 5201 modules transformed.
rendering chunks...
computing gzip size...
[2mpublic/build/[22m[32massets/primeicons-C6QP2o4f.woff2                     [39m[1m[2m   35.15 kB[22m[1m[22m
[2mpublic/build/[22m[32massets/primeicons-MpK4pl85.ttf                       [39m[1m[2m   84.98 kB[22m[1m[22m
[2mpublic/build/[22m[32massets/primeicons-WjwUDZjB.woff                      [39m[1m[2m   85.06 kB[22m[1m[22m
[2mpublic/build/[22m[32massets/primeicons-DMOk5skT.eot                       [39m[1m[2m   85.16 kB[22m[1m[22m
[2mpublic/build/[22m[32mmanifest.json                                        [39m[1m[2m  105.68 kB[22m[1m[22m[2m Γöé gzip:  10.78 kB[22m
[2mpublic/build/[22m[32massets/primeicons-Dr5RGzOO.svg                       [39m[1m[2m  342.53 kB[22m[1m[22m[2m Γöé gzip: 105.26 kB[22m
[2mpublic/build/[22m[35massets/ScholarLedgerTemplate-DULV1ab-.css            [39m[1m[2m    0.03 kB[22m[1m[22m[2m Γöé gzip:   0.05 kB[22m
[2mpublic/build/[22m[35massets/TermSelect-CVvb7H1c.css                       [39m[1m[2m    0.09 kB[22m[1m[22m[2m Γöé gzip:   0.09 kB[22m
[2mpublic/build/[22m[35massets/InterviewAssessmentForm-FBvbKHCI.css          [39m[1m[2m    0.09 kB[22m[1m[22m[2m Γöé gzip:   0.09 kB[22m
[2mpublic/build/[22m[35massets/SchoolSelect-n7tghocP.css                     [39m[1m[2m    0.09 kB[22m[1m[22m[2m Γöé gzip:   0.09 kB[22m
[2mpublic/build/[22m[35massets/ProgramSelect-BxXZse2O.css                    [39m[1m[2m    0.10 kB[22m[1m[22m[2m Γöé gzip:   0.09 kB[22m
[2mpublic/build/[22m[35massets/BarangaySelect-l72jbW_r.css                   [39m[1m[2m    0.10 kB[22m[1m[22m[2m Γöé gzip:   0.09 kB[22m
[2mpublic/build/[22m[35massets/YearLevelSelect-BqjdqM7T.css                  [39m[1m[2m    0.10 kB[22m[1m[22m[2m Γöé gzip:   0.09 kB[22m
[2mpublic/build/[22m[35massets/MunicipalitySelect-CwN277SG.css               [39m[1m[2m    0.11 kB[22m[1m[22m[2m Γöé gzip:   0.09 kB[22m
[2mpublic/build/[22m[35massets/AcademicYearSelect-C9jt-jro.css               [39m[1m[2m    0.11 kB[22m[1m[22m[2m Γöé gzip:   0.09 kB[22m
[2mpublic/build/[22m[35massets/CourseSelect-Cuolespt.css                     [39m[1m[2m    0.11 kB[22m[1m[22m[2m Γöé gzip:   0.10 kB[22m
[2mpublic/build/[22m[35massets/InterviewAssessmentModal-D3Sz8SV3.css         [39m[1m[2m    0.16 kB[22m[1m[22m[2m Γöé gzip:   0.11 kB[22m
[2mpublic/build/[22m[35massets/AcademicInformationFields-BfaBk948.css        [39m[1m[2m    0.30 kB[22m[1m[22m[2m Γöé gzip:   0.12 kB[22m
[2mpublic/build/[22m[35massets/RecordsSelect-BR9252mA.css                    [39m[1m[2m    0.46 kB[22m[1m[22m[2m Γöé gzip:   0.24 kB[22m
[2mpublic/build/[22m[35massets/AdminLayout-DKHlLp9-.css                      [39m[1m[2m    3.02 kB[22m[1m[22m[2m Γöé gzip:   0.82 kB[22m
[2mpublic/build/[22m[35massets/vendor-editor-BnuaRRmp.css                    [39m[1m[2m   87.31 kB[22m[1m[22m[2m Γöé gzip:  15.84 kB[22m
[2mpublic/build/[22m[35massets/mobile-DdOV38JB.css                           [39m[1m[2m  109.94 kB[22m[1m[22m[2m Γöé gzip:  17.70 kB[22m
[2mpublic/build/[22m[35massets/app-P1GHX98R.css                              [39m[1m[2m  218.28 kB[22m[1m[22m[2m Γöé gzip:  35.69 kB[22m
[2mpublic/build/[22m[36massets/index-DBG8JPIq.js                             [39m[1m[2m    0.11 kB[22m[1m[22m[2m Γöé gzip:   0.12 kB[22m
[2mpublic/build/[22m[36massets/index-DTehmYgl.js                             [39m[1m[2m    0.11 kB[22m[1m[22m[2m Γöé gzip:   0.13 kB[22m
[2mpublic/build/[22m[36massets/InputError-DXl6kdLw.js                        [39m[1m[2m    0.28 kB[22m[1m[22m[2m Γöé gzip:   0.24 kB[22m
[2mpublic/build/[22m[36massets/diff-UJJ5BM9S.js                              [39m[1m[2m    0.31 kB[22m[1m[22m[2m Γöé gzip:   0.24 kB[22m
[2mpublic/build/[22m[36massets/api-B7pWu56R.js                               [39m[1m[2m    0.51 kB[22m[1m[22m[2m Γöé gzip:   0.35 kB[22m
[2mpublic/build/[22m[36massets/FileUploadModal-CcQKld-w.js                   [39m[1m[2m    0.52 kB[22m[1m[22m[2m Γöé gzip:   0.38 kB[22m
[2mpublic/build/[22m[36massets/ViewTransactionModal-BpVR2-Yu.js              [39m[1m[2m    0.54 kB[22m[1m[22m[2m Γöé gzip:   0.39 kB[22m
[2mpublic/build/[22m[36massets/brainfuck-CtZaYBKt.js                         [39m[1m[2m    0.56 kB[22m[1m[22m[2m Γöé gzip:   0.32 kB[22m
[2mpublic/build/[22m[36massets/animations-DMky8fgE.js                        [39m[1m[2m    0.61 kB[22m[1m[22m[2m Γöé gzip:   0.32 kB[22m
[2mpublic/build/[22m[36massets/properties-_nPj978X.js                        [39m[1m[2m    0.67 kB[22m[1m[22m[2m Γöé gzip:   0.35 kB[22m
[2mpublic/build/[22m[36massets/toast-DRLQNpFB.js                             [39m[1m[2m    0.72 kB[22m[1m[22m[2m Γöé gzip:   0.39 kB[22m
[2mpublic/build/[22m[36massets/PrimaryButton-BPVS3KW6.js                     [39m[1m[2m    0.76 kB[22m[1m[22m[2m Γöé gzip:   0.50 kB[22m
[2mpublic/build/[22m[36massets/asciiarmor-D5V0T9Cu.js                        [39m[1m[2m    0.77 kB[22m[1m[22m[2m Γöé gzip:   0.42 kB[22m
[2mpublic/build/[22m[36massets/cmake-DXn5xaP-.js                             [39m[1m[2m    0.77 kB[22m[1m[22m[2m Γöé gzip:   0.47 kB[22m
[2mpublic/build/[22m[36massets/solr-78MBEUkU.js                              [39m[1m[2m    0.82 kB[22m[1m[22m[2m Γöé gzip:   0.46 kB[22m
[2mpublic/build/[22m[36massets/permissions-CWVisV0F.js                       [39m[1m[2m    0.84 kB[22m[1m[22m[2m Γöé gzip:   0.33 kB[22m
[2mpublic/build/[22m[36massets/http-BKJkqRj4.js                              [39m[1m[2m    0.85 kB[22m[1m[22m[2m Γöé gzip:   0.43 kB[22m
[2mpublic/build/[22m[36massets/protobuf-B4y9do6W.js                          [39m[1m[2m    0.90 kB[22m[1m[22m[2m Γöé gzip:   0.51 kB[22m
[2mpublic/build/[22m[36massets/usePdfPrint-B2PFlMm3.js                       [39m[1m[2m    0.91 kB[22m[1m[22m[2m Γöé gzip:   0.58 kB[22m
[2mpublic/build/[22m[36massets/useSystemOptions-Cq6zwSh4.js                  [39m[1m[2m    0.96 kB[22m[1m[22m[2m Γöé gzip:   0.56 kB[22m
[2mpublic/build/[22m[36massets/troff-Ce85hlLp.js                             [39m[1m[2m    0.97 kB[22m[1m[22m[2m Γöé gzip:   0.44 kB[22m
[2mpublic/build/[22m[36massets/toml-BVJm5Fzd.js                              [39m[1m[2m    1.05 kB[22m[1m[22m[2m Γöé gzip:   0.54 kB[22m
[2mpublic/build/[22m[36massets/spreadsheet-CGlWr0eM.js                       [39m[1m[2m    1.14 kB[22m[1m[22m[2m Γöé gzip:   0.54 kB[22m
[2mpublic/build/[22m[36massets/AdminPageShell-CwO8dkeU.js                    [39m[1m[2m    1.24 kB[22m[1m[22m[2m Γöé gzip:   0.57 kB[22m
[2mpublic/build/[22m[36massets/mbox-DoeuZPxA.js                              [39m[1m[2m    1.37 kB[22m[1m[22m[2m Γöé gzip:   0.65 kB[22m
[2mpublic/build/[22m[36massets/ntriples-BSwWqoLa.js                          [39m[1m[2m    1.43 kB[22m[1m[22m[2m Γöé gzip:   0.60 kB[22m
[2mpublic/build/[22m[36massets/RecordsSelect-CBwyeyjU.js                     [39m[1m[2m    1.48 kB[22m[1m[22m[2m Γöé gzip:   0.72 kB[22m
[2mpublic/build/[22m[36massets/RecommendationListTemplate-BKVMkVMH.js        [39m[1m[2m    1.61 kB[22m[1m[22m[2m Γöé gzip:   0.64 kB[22m
[2mpublic/build/[22m[36massets/StatusModal-jYNtcIck.js                       [39m[1m[2m    1.62 kB[22m[1m[22m[2m Γöé gzip:   0.89 kB[22m
[2mpublic/build/[22m[36massets/sieve-r025o_jW.js                             [39m[1m[2m    1.63 kB[22m[1m[22m[2m Γöé gzip:   0.77 kB[22m
[2mpublic/build/[22m[36massets/rpm-DI_rRufH.js                               [39m[1m[2m    1.65 kB[22m[1m[22m[2m Γöé gzip:   0.83 kB[22m
[2mpublic/build/[22m[36massets/factor-Bk9_H-XT.js                            [39m[1m[2m    1.67 kB[22m[1m[22m[2m Γöé gzip:   0.62 kB[22m
[2mpublic/build/[22m[36massets/z80-D8p3gKXp.js                               [39m[1m[2m    1.74 kB[22m[1m[22m[2m Γöé gzip:   0.81 kB[22m
[2mpublic/build/[22m[36massets/eiffel-DR5c0IrL.js                            [39m[1m[2m    1.79 kB[22m[1m[22m[2m Γöé gzip:   0.92 kB[22m
[2mpublic/build/[22m[36massets/ebnf-B-Df8AvO.js                              [39m[1m[2m    1.80 kB[22m[1m[22m[2m Γöé gzip:   0.76 kB[22m
[2mpublic/build/[22m[36massets/RemarksModal-naYsOa61.js                      [39m[1m[2m    1.85 kB[22m[1m[22m[2m Γöé gzip:   0.93 kB[22m
[2mpublic/build/[22m[36massets/elm-DompmV0j.js                               [39m[1m[2m    1.87 kB[22m[1m[22m[2m Γöé gzip:   0.83 kB[22m
[2mpublic/build/[22m[36massets/mathematica-IIbmv7SK.js                       [39m[1m[2m    1.90 kB[22m[1m[22m[2m Γöé gzip:   0.81 kB[22m
[2mpublic/build/[22m[36massets/DeleteConfirmModal-VPbpztQk.js                [39m[1m[2m    1.90 kB[22m[1m[22m[2m Γöé gzip:   0.92 kB[22m
[2mpublic/build/[22m[36massets/dockerfile-DVQ9Q8O9.js                        [39m[1m[2m    1.93 kB[22m[1m[22m[2m Γöé gzip:   0.66 kB[22m
[2mpublic/build/[22m[36massets/turtle-BkSuIpt-.js                            [39m[1m[2m    1.94 kB[22m[1m[22m[2m Γöé gzip:   0.90 kB[22m
[2mpublic/build/[22m[36massets/TrackingHistoryModal-DdWrN3aW.js              [39m[1m[2m    1.97 kB[22m[1m[22m[2m Γöé gzip:   1.04 kB[22m
[2mpublic/build/[22m[36massets/ChangePasswordModal-CkN4fzt0.js               [39m[1m[2m    1.97 kB[22m[1m[22m[2m Γöé gzip:   0.97 kB[22m
[2mpublic/build/[22m[36massets/smalltalk-C7J3IyEP.js                         [39m[1m[2m    2.00 kB[22m[1m[22m[2m Γöé gzip:   0.86 kB[22m
[2mpublic/build/[22m[36massets/dtd-DI9Herc-.js                               [39m[1m[2m    2.00 kB[22m[1m[22m[2m Γöé gzip:   0.89 kB[22m
[2mpublic/build/[22m[36massets/mumps-zvxmGV4l.js                             [39m[1m[2m    2.04 kB[22m[1m[22m[2m Γöé gzip:   0.96 kB[22m
[2mpublic/build/[22m[36massets/fcl-CVaBTCzQ.js                               [39m[1m[2m    2.04 kB[22m[1m[22m[2m Γöé gzip:   0.96 kB[22m
[2mpublic/build/[22m[36massets/yacas-I8QjZlxf.js                             [39m[1m[2m    2.14 kB[22m[1m[22m[2m Γöé gzip:   1.10 kB[22m
[2mpublic/build/[22m[36massets/AcademicYearSelect-CDfJVTXp.js                [39m[1m[2m    2.21 kB[22m[1m[22m[2m Γöé gzip:   1.08 kB[22m
[2mpublic/build/[22m[36massets/pascal-CafrKXZF.js                            [39m[1m[2m    2.25 kB[22m[1m[22m[2m Γöé gzip:   1.17 kB[22m
[2mpublic/build/[22m[36massets/simple-mode-CjHKX61j.js                       [39m[1m[2m    2.26 kB[22m[1m[22m[2m Γöé gzip:   1.08 kB[22m
[2mpublic/build/[22m[36massets/apl-CXdQSnD-.js                               [39m[1m[2m    2.27 kB[22m[1m[22m[2m Γöé gzip:   1.23 kB[22m
[2mpublic/build/[22m[36massets/commonlisp-vq6DHwts.js                        [39m[1m[2m    2.31 kB[22m[1m[22m[2m Γöé gzip:   1.11 kB[22m
[2mpublic/build/[22m[36massets/octave-C4hdQ5Hf.js                            [39m[1m[2m    2.32 kB[22m[1m[22m[2m Γöé gzip:   1.09 kB[22m
[2mpublic/build/[22m[36massets/RemarksModal--eLKhbSp.js                      [39m[1m[2m    2.34 kB[22m[1m[22m[2m Γöé gzip:   1.10 kB[22m
[2mpublic/build/[22m[36massets/YearLevelSelect-BUxsrtjl.js                   [39m[1m[2m    2.34 kB[22m[1m[22m[2m Γöé gzip:   1.11 kB[22m
[2mpublic/build/[22m[36massets/tcl-B2fODqDH.js                               [39m[1m[2m    2.34 kB[22m[1m[22m[2m Γöé gzip:   1.21 kB[22m
[2mpublic/build/[22m[36massets/index-BvduF_W6.js                             [39m[1m[2m    2.40 kB[22m[1m[22m[2m Γöé gzip:   1.50 kB[22m
[2mpublic/build/[22m[36massets/pig-CwGJVRC4.js                               [39m[1m[2m    2.50 kB[22m[1m[22m[2m Γöé gzip:   1.35 kB[22m
[2mpublic/build/[22m[36massets/webidl-CGwyPRYs.js                            [39m[1m[2m    2.51 kB[22m[1m[22m[2m Γöé gzip:   1.24 kB[22m
[2mpublic/build/[22m[36massets/puppet-Bc-yJKzi.js                            [39m[1m[2m    2.53 kB[22m[1m[22m[2m Γöé gzip:   1.21 kB[22m
[2mpublic/build/[22m[36massets/forth-POgR1ypr.js                             [39m[1m[2m    2.54 kB[22m[1m[22m[2m Γöé gzip:   1.33 kB[22m
[2mpublic/build/[22m[36massets/shell-BLav31RL.js                             [39m[1m[2m    2.54 kB[22m[1m[22m[2m Γöé gzip:   1.20 kB[22m
[2mpublic/build/[22m[36massets/index-CCqnTTVH.js                             [39m[1m[2m    2.61 kB[22m[1m[22m[2m Γöé gzip:   1.50 kB[22m
[2mpublic/build/[22m[36massets/jinja2-DhgKlfW7.js                            [39m[1m[2m    2.61 kB[22m[1m[22m[2m Γöé gzip:   1.05 kB[22m
[2mpublic/build/[22m[36massets/useScholarshipStatus-DmMxYrJq.js              [39m[1m[2m    2.61 kB[22m[1m[22m[2m Γöé gzip:   1.05 kB[22m
[2mpublic/build/[22m[36massets/velocity-BdD_26Jv.js                          [39m[1m[2m    2.66 kB[22m[1m[22m[2m Γöé gzip:   1.11 kB[22m
[2mpublic/build/[22m[36massets/QrCodeModal-BorZz97t.js                       [39m[1m[2m    2.70 kB[22m[1m[22m[2m Γöé gzip:   1.36 kB[22m
[2mpublic/build/[22m[36massets/TermSelect-SRhJL51Q.js                        [39m[1m[2m    2.70 kB[22m[1m[22m[2m Γöé gzip:   1.26 kB[22m
[2mpublic/build/[22m[36massets/DeleteConfirmModal-DNhhy6ou.js                [39m[1m[2m    2.71 kB[22m[1m[22m[2m Γöé gzip:   1.26 kB[22m
[2mpublic/build/[22m[36massets/modelica-DSrSSXCg.js                          [39m[1m[2m    2.78 kB[22m[1m[22m[2m Γöé gzip:   1.30 kB[22m
[2mpublic/build/[22m[36massets/tiddlywiki-BgR6AEZu.js                        [39m[1m[2m    2.80 kB[22m[1m[22m[2m Γöé gzip:   1.08 kB[22m
[2mpublic/build/[22m[36massets/RequirementModal-YW1wywUG.js                  [39m[1m[2m    2.85 kB[22m[1m[22m[2m Γöé gzip:   1.35 kB[22m
[2mpublic/build/[22m[36massets/oz-qQq7irPq.js                                [39m[1m[2m    2.85 kB[22m[1m[22m[2m Γöé gzip:   1.28 kB[22m
[2mpublic/build/[22m[36massets/r-BA4EbLKE.js                                 [39m[1m[2m    2.88 kB[22m[1m[22m[2m Γöé gzip:   1.34 kB[22m
[2mpublic/build/[22m[36massets/stex-9_wePcov.js                              [39m[1m[2m    3.10 kB[22m[1m[22m[2m Γöé gzip:   1.15 kB[22m
[2mpublic/build/[22m[36massets/tiki-CI-ztowC.js                              [39m[1m[2m    3.17 kB[22m[1m[22m[2m Γöé gzip:   1.25 kB[22m
[2mpublic/build/[22m[36massets/YakapCategoryModal-D74PvjEa.js                [39m[1m[2m    3.17 kB[22m[1m[22m[2m Γöé gzip:   1.37 kB[22m
[2mpublic/build/[22m[36massets/index-B-I2j0_W.js                             [39m[1m[2m    3.21 kB[22m[1m[22m[2m Γöé gzip:   1.37 kB[22m
[2mpublic/build/[22m[36massets/index-CQwWxP4l.js                             [39m[1m[2m    3.26 kB[22m[1m[22m[2m Γöé gzip:   1.67 kB[22m
[2mpublic/build/[22m[36massets/vhdl-CWWH2SUo.js                              [39m[1m[2m    3.30 kB[22m[1m[22m[2m Γöé gzip:   1.54 kB[22m
[2mpublic/build/[22m[36massets/lua-8DXOpKDz.js                               [39m[1m[2m    3.34 kB[22m[1m[22m[2m Γöé gzip:   1.43 kB[22m
[2mpublic/build/[22m[36massets/BarangaySelect-Cg6shdyH.js                    [39m[1m[2m    3.35 kB[22m[1m[22m[2m Γöé gzip:   1.41 kB[22m
[2mpublic/build/[22m[36massets/ProgramSelect-C4uuRiji.js                     [39m[1m[2m    3.45 kB[22m[1m[22m[2m Γöé gzip:   1.44 kB[22m
[2mpublic/build/[22m[36massets/NotFoundPage-hfbFkXTH.js                      [39m[1m[2m    3.48 kB[22m[1m[22m[2m Γöé gzip:   1.53 kB[22m
[2mpublic/build/[22m[36massets/sparql-BRLJFz69.js                            [39m[1m[2m    3.52 kB[22m[1m[22m[2m Γöé gzip:   1.63 kB[22m
[2mpublic/build/[22m[36massets/ForbiddenPage-CjbpqsJP.js                     [39m[1m[2m    3.53 kB[22m[1m[22m[2m Γöé gzip:   1.55 kB[22m
[2mpublic/build/[22m[36massets/mscgen-B2igx18G.js                            [39m[1m[2m    3.55 kB[22m[1m[22m[2m Γöé gzip:   0.99 kB[22m
[2mpublic/build/[22m[36massets/cypher-gJDei3ni.js                            [39m[1m[2m    3.56 kB[22m[1m[22m[2m Γöé gzip:   1.51 kB[22m
[2mpublic/build/[22m[36massets/MunicipalitySelect-D996rTeS.js                [39m[1m[2m    3.65 kB[22m[1m[22m[2m Γöé gzip:   1.56 kB[22m
[2mpublic/build/[22m[36massets/d-BShv7fp-.js                                 [39m[1m[2m    3.70 kB[22m[1m[22m[2m Γöé gzip:   1.68 kB[22m
[2mpublic/build/[22m[36massets/ReturnOfServiceReportTemplate-VrEE1bz4.js     [39m[1m[2m    3.80 kB[22m[1m[22m[2m Γöé gzip:   1.23 kB[22m
[2mpublic/build/[22m[36massets/IosModal-Bn2jvAnB.js                          [39m[1m[2m    3.85 kB[22m[1m[22m[2m Γöé gzip:   1.41 kB[22m
[2mpublic/build/[22m[36massets/coffeescript-BTDxI-eT.js                      [39m[1m[2m    3.85 kB[22m[1m[22m[2m Γöé gzip:   1.69 kB[22m
[2mpublic/build/[22m[36massets/RequirementModal-atx61JkU.js                  [39m[1m[2m    3.85 kB[22m[1m[22m[2m Γöé gzip:   1.53 kB[22m
[2mpublic/build/[22m[36massets/vb-BHgjm0DN.js                                [39m[1m[2m    3.87 kB[22m[1m[22m[2m Γöé gzip:   1.78 kB[22m
[2mpublic/build/[22m[36massets/Login-C9YdG09M.js                             [39m[1m[2m    3.91 kB[22m[1m[22m[2m Γöé gzip:   1.77 kB[22m
[2mpublic/build/[22m[36massets/asn1-DWPaVWf6.js                              [39m[1m[2m    3.94 kB[22m[1m[22m[2m Γöé gzip:   1.95 kB[22m
[2mpublic/build/[22m[36massets/swift-B_XXVlXX.js                             [39m[1m[2m    3.99 kB[22m[1m[22m[2m Γöé gzip:   1.77 kB[22m
[2mpublic/build/[22m[36massets/q-mUfi2b_o.js                                 [39m[1m[2m    4.00 kB[22m[1m[22m[2m Γöé gzip:   1.69 kB[22m
[2mpublic/build/[22m[36massets/SchoolSelect-DLJC8XxK.js                      [39m[1m[2m    4.02 kB[22m[1m[22m[2m Γöé gzip:   1.57 kB[22m
[2mpublic/build/[22m[36massets/ttcn-cfg-CKJxb-l2.js                          [39m[1m[2m    4.03 kB[22m[1m[22m[2m Γöé gzip:   1.71 kB[22m
[2mpublic/build/[22m[36massets/dylan-DkEP81N9.js                             [39m[1m[2m    4.03 kB[22m[1m[22m[2m Γöé gzip:   1.64 kB[22m
[2mpublic/build/[22m[36massets/livescript-HO6ttBFx.js                        [39m[1m[2m    4.06 kB[22m[1m[22m[2m Γöé gzip:   1.63 kB[22m
[2mpublic/build/[22m[36massets/groovy-DnIzCrpZ.js                            [39m[1m[2m    4.12 kB[22m[1m[22m[2m Γöé gzip:   1.76 kB[22m
[2mpublic/build/[22m[36massets/haskell-CLQs6EAM.js                           [39m[1m[2m    4.16 kB[22m[1m[22m[2m Γöé gzip:   1.90 kB[22m
[2mpublic/build/[22m[36massets/Show-CQKXFB6i.js                              [39m[1m[2m    4.20 kB[22m[1m[22m[2m Γöé gzip:   1.82 kB[22m
[2mpublic/build/[22m[36massets/ViewAttachmentModal-BQ0zkJ50.js               [39m[1m[2m    4.35 kB[22m[1m[22m[2m Γöé gzip:   1.94 kB[22m
[2mpublic/build/[22m[36massets/asterisk-B46aRdXb.js                          [39m[1m[2m    4.39 kB[22m[1m[22m[2m Γöé gzip:   1.78 kB[22m
[2mpublic/build/[22m[36massets/BatchUpdateYakapModal-C_wZg99J.js             [39m[1m[2m    4.45 kB[22m[1m[22m[2m Γöé gzip:   1.72 kB[22m
[2mpublic/build/[22m[36massets/UpdateYakapModal-DsoAOYs_.js                  [39m[1m[2m    4.48 kB[22m[1m[22m[2m Γöé gzip:   1.63 kB[22m
[2mpublic/build/[22m[36massets/Register-B-Gtxl6T.js                          [39m[1m[2m    4.49 kB[22m[1m[22m[2m Γöé gzip:   1.69 kB[22m
[2mpublic/build/[22m[36massets/gas-bV0CklSb.js                               [39m[1m[2m    4.54 kB[22m[1m[22m[2m Γöé gzip:   1.28 kB[22m
[2mpublic/build/[22m[36massets/PdfPreviewModal-DladviZ4.js                   [39m[1m[2m    4.58 kB[22m[1m[22m[2m Γöé gzip:   1.99 kB[22m
[2mpublic/build/[22m[36massets/fortran-DL7KluxX.js                           [39m[1m[2m    4.61 kB[22m[1m[22m[2m Γöé gzip:   1.99 kB[22m
[2mpublic/build/[22m[36massets/index-DWPvHLFL.js                             [39m[1m[2m    4.65 kB[22m[1m[22m[2m Γöé gzip:   1.40 kB[22m
[2mpublic/build/[22m[36massets/ObrTrackingModal-V5-CbG00.js                  [39m[1m[2m    4.75 kB[22m[1m[22m[2m Γöé gzip:   1.88 kB[22m
[2mpublic/build/[22m[36massets/ttcn-BxnYHtq8.js                              [39m[1m[2m    4.78 kB[22m[1m[22m[2m Γöé gzip:   2.12 kB[22m
[2mpublic/build/[22m[36massets/mllike-3c2dg9RT.js                            [39m[1m[2m    4.79 kB[22m[1m[22m[2m Γöé gzip:   1.55 kB[22m
[2mpublic/build/[22m[36massets/index-FbiFKSrS.js                             [39m[1m[2m    4.90 kB[22m[1m[22m[2m Γöé gzip:   2.33 kB[22m
[2mpublic/build/[22m[36massets/ecl-DPFc0Uaf.js                               [39m[1m[2m    5.10 kB[22m[1m[22m[2m Γöé gzip:   2.30 kB[22m
[2mpublic/build/[22m[36massets/crystal-CRzZ78HM.js                           [39m[1m[2m    5.10 kB[22m[1m[22m[2m Γöé gzip:   2.05 kB[22m
[2mpublic/build/[22m[36massets/ruby-CR-u2WLS.js                              [39m[1m[2m    5.13 kB[22m[1m[22m[2m Γöé gzip:   2.14 kB[22m
[2mpublic/build/[22m[36massets/EditUserModal-D8poivFB.js                     [39m[1m[2m    5.19 kB[22m[1m[22m[2m Γöé gzip:   1.95 kB[22m
[2mpublic/build/[22m[36massets/julia-DjdwvFuI.js                             [39m[1m[2m    5.34 kB[22m[1m[22m[2m Γöé gzip:   2.12 kB[22m
[2mpublic/build/[22m[36massets/Index-DpcRPfgM.js                             [39m[1m[2m    5.38 kB[22m[1m[22m[2m Γöé gzip:   2.34 kB[22m
[2mpublic/build/[22m[36massets/ProgramModal-XMI2ZIXM.js                      [39m[1m[2m    5.41 kB[22m[1m[22m[2m Γöé gzip:   1.96 kB[22m
[2mpublic/build/[22m[36massets/CreateUserModal-DQDlJbjz.js                   [39m[1m[2m    5.52 kB[22m[1m[22m[2m Γöé gzip:   1.95 kB[22m
[2mpublic/build/[22m[36massets/BudgetReportModal-CDWaYYO3.js                 [39m[1m[2m    5.56 kB[22m[1m[22m[2m Γöé gzip:   2.17 kB[22m
[2mpublic/build/[22m[36massets/ApprovalWorkflow-DaNZDikN.js                  [39m[1m[2m    5.57 kB[22m[1m[22m[2m Γöé gzip:   1.94 kB[22m
[2mpublic/build/[22m[36massets/BudgetMonitoringTemplate-B--ayqSk.js          [39m[1m[2m    5.60 kB[22m[1m[22m[2m Γöé gzip:   2.01 kB[22m
[2mpublic/build/[22m[36massets/ScholarCertificationTemplate-DsIQBEGZ.js      [39m[1m[2m    5.65 kB[22m[1m[22m[2m Γöé gzip:   2.22 kB[22m
[2mpublic/build/[22m[36massets/vbscript-Dawdd5GZ.js                          [39m[1m[2m    5.77 kB[22m[1m[22m[2m Γöé gzip:   2.51 kB[22m
[2mpublic/build/[22m[36massets/Index-KkuDCyKO.js                             [39m[1m[2m    5.81 kB[22m[1m[22m[2m Γöé gzip:   2.49 kB[22m
[2mpublic/build/[22m[36massets/CourseSelect-Cr0gBnmJ.js                      [39m[1m[2m    5.85 kB[22m[1m[22m[2m Γöé gzip:   2.14 kB[22m
[2mpublic/build/[22m[36massets/mirc-DkvFAiy5.js                              [39m[1m[2m    5.92 kB[22m[1m[22m[2m Γöé gzip:   2.69 kB[22m
[2mpublic/build/[22m[36massets/PriorityModal-AWP79jTl.js                     [39m[1m[2m    6.03 kB[22m[1m[22m[2m Γöé gzip:   2.24 kB[22m
[2mpublic/build/[22m[36massets/BudgetReportTemplate-UD_B532U.js              [39m[1m[2m    6.14 kB[22m[1m[22m[2m Γöé gzip:   1.85 kB[22m
[2mpublic/build/[22m[36massets/cobol-stawOqaz.js                             [39m[1m[2m    6.15 kB[22m[1m[22m[2m Γöé gzip:   2.93 kB[22m
[2mpublic/build/[22m[36massets/SchoolModal-D3537aQs.js                       [39m[1m[2m    6.16 kB[22m[1m[22m[2m Γöé gzip:   2.03 kB[22m
[2mpublic/build/[22m[36massets/LosTemplate-BlugJfa-.js                       [39m[1m[2m    6.16 kB[22m[1m[22m[2m Γöé gzip:   2.03 kB[22m
[2mpublic/build/[22m[36massets/scheme-qjP0V5Ag.js                            [39m[1m[2m    6.35 kB[22m[1m[22m[2m Γöé gzip:   2.39 kB[22m
[2mpublic/build/[22m[36massets/Index-P_aPAmpp.js                             [39m[1m[2m    6.36 kB[22m[1m[22m[2m Γöé gzip:   2.46 kB[22m
[2mpublic/build/[22m[36massets/python-DD-Q2bae.js                            [39m[1m[2m    6.41 kB[22m[1m[22m[2m Γöé gzip:   2.70 kB[22m
[2mpublic/build/[22m[36massets/pug-BTvK5tSS.js                               [39m[1m[2m    6.54 kB[22m[1m[22m[2m Γöé gzip:   1.83 kB[22m
[2mpublic/build/[22m[36massets/xquery-CVDBqZPY.js                            [39m[1m[2m    6.55 kB[22m[1m[22m[2m Γöé gzip:   2.57 kB[22m
[2mpublic/build/[22m[36massets/textile-BuVhTOzU.js                           [39m[1m[2m    6.74 kB[22m[1m[22m[2m Γöé gzip:   2.44 kB[22m
[2mpublic/build/[22m[36massets/nsis-Cx8FAvMN.js                              [39m[1m[2m    6.81 kB[22m[1m[22m[2m Γöé gzip:   2.99 kB[22m
[2mpublic/build/[22m[36massets/FloatingDrawer-jUfjzSbb.js                    [39m[1m[2m    6.90 kB[22m[1m[22m[2m Γöé gzip:   2.07 kB[22m
[2mpublic/build/[22m[36massets/SystemUpdateShow-DWiz_rF3.js                  [39m[1m[2m    7.10 kB[22m[1m[22m[2m Γöé gzip:   2.75 kB[22m
[2mpublic/build/[22m[36massets/InterviewAssessmentModal-Cs3gt7TD.js          [39m[1m[2m    7.12 kB[22m[1m[22m[2m Γöé gzip:   2.45 kB[22m
[2mpublic/build/[22m[36massets/Index-ecPkO5R6.js                             [39m[1m[2m    7.12 kB[22m[1m[22m[2m Γöé gzip:   2.86 kB[22m
[2mpublic/build/[22m[36massets/nginx-B4hAVlXN.js                             [39m[1m[2m    7.29 kB[22m[1m[22m[2m Γöé gzip:   2.71 kB[22m
[2mpublic/build/[22m[36massets/PayrollTemplate-Bjw-XqbB.js                   [39m[1m[2m    7.29 kB[22m[1m[22m[2m Γöé gzip:   2.26 kB[22m
[2mpublic/build/[22m[36massets/Index-DyjI0ECd.js                             [39m[1m[2m    7.37 kB[22m[1m[22m[2m Γöé gzip:   3.05 kB[22m
[2mpublic/build/[22m[36massets/Profile-wkgHS4xY.js                           [39m[1m[2m    7.67 kB[22m[1m[22m[2m Γöé gzip:   2.06 kB[22m
[2mpublic/build/[22m[36massets/haxe-D25e-2l-.js                              [39m[1m[2m    7.71 kB[22m[1m[22m[2m Γöé gzip:   2.89 kB[22m
[2mpublic/build/[22m[36massets/powershell-D1ly3AHC.js                        [39m[1m[2m    7.73 kB[22m[1m[22m[2m Γöé gzip:   3.31 kB[22m
[2mpublic/build/[22m[36massets/erlang-BuqgqA5h.js                            [39m[1m[2m    7.93 kB[22m[1m[22m[2m Γöé gzip:   2.89 kB[22m
[2mpublic/build/[22m[36massets/SelectedApplicantsReportTemplate-CbPc9qfJ.js  [39m[1m[2m    8.09 kB[22m[1m[22m[2m Γöé gzip:   2.48 kB[22m
[2mpublic/build/[22m[36massets/pdf-styles-COw7NFrb.js                        [39m[1m[2m    8.16 kB[22m[1m[22m[2m Γöé gzip:   2.50 kB[22m
[2mpublic/build/[22m[36massets/CourseModal-Dv9FkFZ3.js                       [39m[1m[2m    8.18 kB[22m[1m[22m[2m Γöé gzip:   2.57 kB[22m
[2mpublic/build/[22m[36massets/verilog-B4LBqg_1.js                           [39m[1m[2m    8.20 kB[22m[1m[22m[2m Γöé gzip:   3.45 kB[22m
[2mpublic/build/[22m[36massets/CumulativeScholarListModal-CAYINvkU.js        [39m[1m[2m    8.36 kB[22m[1m[22m[2m Γöé gzip:   3.08 kB[22m
[2mpublic/build/[22m[36massets/Index-DViRbJ82.js                             [39m[1m[2m    8.55 kB[22m[1m[22m[2m Γöé gzip:   2.91 kB[22m
[2mpublic/build/[22m[36massets/ActivityLogs-B2dziril.js                      [39m[1m[2m    8.63 kB[22m[1m[22m[2m Γöé gzip:   3.09 kB[22m
[2mpublic/build/[22m[36massets/ProfileHistory-CtRZUetJ.js                    [39m[1m[2m    8.73 kB[22m[1m[22m[2m Γöé gzip:   2.89 kB[22m
[2mpublic/build/[22m[36massets/Index-BztOFNtt.js                             [39m[1m[2m    8.94 kB[22m[1m[22m[2m Γöé gzip:   3.40 kB[22m
[2mpublic/build/[22m[36massets/JpmModal-W-bARL-b.js                          [39m[1m[2m    8.95 kB[22m[1m[22m[2m Γöé gzip:   2.68 kB[22m
[2mpublic/build/[22m[36massets/Index-f0l11zda.js                             [39m[1m[2m    8.97 kB[22m[1m[22m[2m Γöé gzip:   2.86 kB[22m
[2mpublic/build/[22m[36massets/Reports-C-4V5y5A.js                           [39m[1m[2m    9.02 kB[22m[1m[22m[2m Γöé gzip:   2.74 kB[22m
[2mpublic/build/[22m[36massets/ProfileReportTable-BiWH83ea.js                [39m[1m[2m    9.26 kB[22m[1m[22m[2m Γöé gzip:   3.35 kB[22m
[2mpublic/build/[22m[36massets/sas-Bqaci40L.js                               [39m[1m[2m    9.33 kB[22m[1m[22m[2m Γöé gzip:   4.11 kB[22m
[2mpublic/build/[22m[36massets/perl-tdMlh9QA.js                              [39m[1m[2m    9.54 kB[22m[1m[22m[2m Γöé gzip:   3.44 kB[22m
[2mpublic/build/[22m[36massets/gherkin-B6X1vGSW.js                           [39m[1m[2m   10.16 kB[22m[1m[22m[2m Γöé gzip:   5.09 kB[22m
[2mpublic/build/[22m[36massets/RequirementsChecklistModal-DTwcyvhI.js        [39m[1m[2m   10.58 kB[22m[1m[22m[2m Γöé gzip:   3.95 kB[22m
[2mpublic/build/[22m[36massets/JpmTaggingReportTemplate-DucgZh-D.js          [39m[1m[2m   10.74 kB[22m[1m[22m[2m Γöé gzip:   2.90 kB[22m
[2mpublic/build/[22m[36massets/clojure-DiuoqK-z.js                           [39m[1m[2m   10.80 kB[22m[1m[22m[2m Γöé gzip:   3.99 kB[22m
[2mpublic/build/[22m[36massets/ReportModal-qcGA09xs.js                       [39m[1m[2m   10.84 kB[22m[1m[22m[2m Γöé gzip:   4.01 kB[22m
[2mpublic/build/[22m[36massets/ExportSelectedModal-C6vfAmrl.js               [39m[1m[2m   10.93 kB[22m[1m[22m[2m Γöé gzip:   4.06 kB[22m
[2mpublic/build/[22m[36massets/DeletedRecords-BdzsWWHv.js                    [39m[1m[2m   10.99 kB[22m[1m[22m[2m Γöé gzip:   3.19 kB[22m
[2mpublic/build/[22m[36massets/BudgetMonitoringModal-DwcV8ttb.js             [39m[1m[2m   11.13 kB[22m[1m[22m[2m Γöé gzip:   3.82 kB[22m
[2mpublic/build/[22m[36massets/ScholarLedgerTemplate-IHDtXNO6.js             [39m[1m[2m   11.30 kB[22m[1m[22m[2m Γöé gzip:   4.13 kB[22m
[2mpublic/build/[22m[36massets/SystemUpdates-DGavR27c.js                     [39m[1m[2m   11.46 kB[22m[1m[22m[2m Γöé gzip:   3.71 kB[22m
[2mpublic/build/[22m[36massets/idl-pcmmZuaN.js                               [39m[1m[2m   11.69 kB[22m[1m[22m[2m Γöé gzip:   4.52 kB[22m
[2mpublic/build/[22m[36massets/Index-Bs4WmtlR.js                             [39m[1m[2m   12.00 kB[22m[1m[22m[2m Γöé gzip:   3.94 kB[22m
[2mpublic/build/[22m[36massets/ProfileReportTemplate-BOnrgXyL.js             [39m[1m[2m   12.23 kB[22m[1m[22m[2m Γöé gzip:   3.45 kB[22m
[2mpublic/build/[22m[36massets/Index-CqHm5PqY.js                             [39m[1m[2m   12.33 kB[22m[1m[22m[2m Γöé gzip:   2.85 kB[22m
[2mpublic/build/[22m[36massets/index-CqYwsM3M.js                             [39m[1m[2m   12.46 kB[22m[1m[22m[2m Γöé gzip:   5.48 kB[22m
[2mpublic/build/[22m[36massets/DvTemplate-BL7s7fLh.js                        [39m[1m[2m   12.66 kB[22m[1m[22m[2m Γöé gzip:   2.72 kB[22m
[2mpublic/build/[22m[36massets/ObrTemplate-C-GJYqsi.js                       [39m[1m[2m   12.95 kB[22m[1m[22m[2m Γöé gzip:   2.81 kB[22m
[2mpublic/build/[22m[36massets/report-styles-Cz_U3GzF.js                     [39m[1m[2m   13.87 kB[22m[1m[22m[2m Γöé gzip:   3.03 kB[22m
[2mpublic/build/[22m[36massets/index-CRLiJKGT.js                             [39m[1m[2m   13.94 kB[22m[1m[22m[2m Γöé gzip:   3.64 kB[22m
[2mpublic/build/[22m[36massets/index-D-qWgrmP.js                             [39m[1m[2m   14.63 kB[22m[1m[22m[2m Γöé gzip:   5.87 kB[22m
[2mpublic/build/[22m[36massets/ProfileReviewModal-CFjac4Ze.js                [39m[1m[2m   14.98 kB[22m[1m[22m[2m Γöé gzip:   4.32 kB[22m
[2mpublic/build/[22m[36massets/Create-BuKihFg3.js                            [39m[1m[2m   15.00 kB[22m[1m[22m[2m Γöé gzip:   4.92 kB[22m
[2mpublic/build/[22m[36massets/index-8fOFPXbp.js                             [39m[1m[2m   15.79 kB[22m[1m[22m[2m Γöé gzip:   4.21 kB[22m
[2mpublic/build/[22m[36massets/index-CgzEGfxQ.js                             [39m[1m[2m   16.21 kB[22m[1m[22m[2m Γöé gzip:   7.42 kB[22m
[2mpublic/build/[22m[36massets/Index-2QkBBGls.js                             [39m[1m[2m   16.34 kB[22m[1m[22m[2m Γöé gzip:   5.17 kB[22m
[2mpublic/build/[22m[36massets/javascript-BpzJj0-u.js                        [39m[1m[2m   16.54 kB[22m[1m[22m[2m Γöé gzip:   5.68 kB[22m
[2mpublic/build/[22m[36massets/Index-Ba7pr0-5.js                             [39m[1m[2m   17.75 kB[22m[1m[22m[2m Γöé gzip:   5.52 kB[22m
[2mpublic/build/[22m[36massets/CreateRecommendationListModal-BvU7vusd.js     [39m[1m[2m   18.08 kB[22m[1m[22m[2m Γöé gzip:   5.57 kB[22m
[2mpublic/build/[22m[36massets/InterviewAssessmentForm-7k6P9iOx.js           [39m[1m[2m   18.12 kB[22m[1m[22m[2m Γöé gzip:   4.82 kB[22m
[2mpublic/build/[22m[36massets/index-CHjoSqOD.js                             [39m[1m[2m   19.67 kB[22m[1m[22m[2m Γöé gzip:   9.19 kB[22m
[2mpublic/build/[22m[36massets/index-DSWjDnOK.js                             [39m[1m[2m   20.19 kB[22m[1m[22m[2m Γöé gzip:   6.63 kB[22m
[2mpublic/build/[22m[36massets/Index-BuQtNtXL.js                             [39m[1m[2m   20.41 kB[22m[1m[22m[2m Γöé gzip:   5.73 kB[22m
[2mpublic/build/[22m[36massets/Index-CKI_9UmW.js                             [39m[1m[2m   20.66 kB[22m[1m[22m[2m Γöé gzip:   6.28 kB[22m
[2mpublic/build/[22m[36massets/ScholarFormModal-CAFFvlea.js                  [39m[1m[2m   21.01 kB[22m[1m[22m[2m Γöé gzip:   6.11 kB[22m
[2mpublic/build/[22m[36massets/Settings-CUTjhhpK.js                          [39m[1m[2m   21.31 kB[22m[1m[22m[2m Γöé gzip:   6.23 kB[22m
[2mpublic/build/[22m[36massets/ApplicantFormModal-B0PPDaod.js                [39m[1m[2m   21.36 kB[22m[1m[22m[2m Γöé gzip:   6.48 kB[22m
[2mpublic/build/[22m[36massets/Index-DpckeJrb.js                             [39m[1m[2m   21.87 kB[22m[1m[22m[2m Γöé gzip:   6.25 kB[22m
[2mpublic/build/[22m[36massets/ReportWizardModal-BESxxRkc.js                 [39m[1m[2m   21.92 kB[22m[1m[22m[2m Γöé gzip:   6.86 kB[22m
[2mpublic/build/[22m[36massets/clike-fQ55tJiR.js                             [39m[1m[2m   22.15 kB[22m[1m[22m[2m Γöé gzip:   7.79 kB[22m
[2mpublic/build/[22m[36massets/AssessmentViewModal-xLoDk0gg.js               [39m[1m[2m   22.30 kB[22m[1m[22m[2m Γöé gzip:   6.34 kB[22m
[2mpublic/build/[22m[36massets/index-C_vbdXh7.js                             [39m[1m[2m   22.81 kB[22m[1m[22m[2m Γöé gzip:  10.19 kB[22m
[2mpublic/build/[22m[36massets/InterviewedApplicantsTemplate-YtcwCJPG.js     [39m[1m[2m   24.06 kB[22m[1m[22m[2m Γöé gzip:   5.82 kB[22m
[2mpublic/build/[22m[36massets/stylus-Bdo_Aemu.js                            [39m[1m[2m   25.75 kB[22m[1m[22m[2m Γöé gzip:   8.60 kB[22m
[2mpublic/build/[22m[36massets/ReturnOfServiceDialogs-DDiZ-Pxg.js            [39m[1m[2m   26.12 kB[22m[1m[22m[2m Γöé gzip:   6.66 kB[22m
[2mpublic/build/[22m[36massets/GenerateReportModalIOS-_AGqh6nW.js            [39m[1m[2m   26.41 kB[22m[1m[22m[2m Γöé gzip:   8.10 kB[22m
[2mpublic/build/[22m[36massets/css-ZjFoif2m.js                               [39m[1m[2m   26.94 kB[22m[1m[22m[2m Γöé gzip:   8.43 kB[22m
[2mpublic/build/[22m[36massets/Index-B53OngXy.js                             [39m[1m[2m   29.85 kB[22m[1m[22m[2m Γöé gzip:   8.83 kB[22m
[2mpublic/build/[22m[36massets/index-BnjlxSnw.js                             [39m[1m[2m   30.68 kB[22m[1m[22m[2m Γöé gzip:  12.53 kB[22m
[2mpublic/build/[22m[36massets/Index-C2y6EbEP.js                             [39m[1m[2m   31.52 kB[22m[1m[22m[2m Γöé gzip:   9.08 kB[22m
[2mpublic/build/[22m[36massets/index-q1n3_P1F.js                             [39m[1m[2m   32.03 kB[22m[1m[22m[2m Γöé gzip:  12.92 kB[22m
[2mpublic/build/[22m[36massets/Index-uKk_Dzip.js                             [39m[1m[2m   34.44 kB[22m[1m[22m[2m Γöé gzip:   9.51 kB[22m
[2mpublic/build/[22m[36massets/AccessControl-HSiF-kq9.js                     [39m[1m[2m   34.92 kB[22m[1m[22m[2m Γöé gzip:   9.09 kB[22m
[2mpublic/build/[22m[36massets/sql-B3SPsWL6.js                               [39m[1m[2m   37.01 kB[22m[1m[22m[2m Γöé gzip:  10.93 kB[22m
[2mpublic/build/[22m[36massets/index-Dez72r1C.js                             [39m[1m[2m   37.96 kB[22m[1m[22m[2m Γöé gzip:   6.05 kB[22m
[2mpublic/build/[22m[36massets/AdminLayout-BLZ038he.js                       [39m[1m[2m   39.16 kB[22m[1m[22m[2m Γöé gzip:  11.76 kB[22m
[2mpublic/build/[22m[36massets/Index-ltgfV2zn.js                             [39m[1m[2m   39.52 kB[22m[1m[22m[2m Γöé gzip:   9.38 kB[22m
[2mpublic/build/[22m[36massets/index-Cy7S9xKR.js                             [39m[1m[2m   40.71 kB[22m[1m[22m[2m Γöé gzip:  16.74 kB[22m
[2mpublic/build/[22m[36massets/Index-CvMvWgiL.js                             [39m[1m[2m   42.05 kB[22m[1m[22m[2m Γöé gzip:  10.73 kB[22m
[2mpublic/build/[22m[36massets/AcademicInformationFields-BdIIXftV.js         [39m[1m[2m   42.12 kB[22m[1m[22m[2m Γöé gzip:   8.51 kB[22m
[2mpublic/build/[22m[36massets/index-CQ4WzM5n.js                             [39m[1m[2m   44.65 kB[22m[1m[22m[2m Γöé gzip:  18.85 kB[22m
[2mpublic/build/[22m[36massets/index-ou1egjgq.js                             [39m[1m[2m   47.20 kB[22m[1m[22m[2m Γöé gzip:  10.85 kB[22m
[2mpublic/build/[22m[36massets/Index-D-XU90fc.js                             [39m[1m[2m   51.03 kB[22m[1m[22m[2m Γöé gzip:  13.00 kB[22m
[2mpublic/build/[22m[36massets/Index-Dc5BLkzs.js                             [39m[1m[2m   51.99 kB[22m[1m[22m[2m Γöé gzip:  13.35 kB[22m
[2mpublic/build/[22m[36massets/moment-BkxWAhd0.js                            [39m[1m[2m   59.73 kB[22m[1m[22m[2m Γöé gzip:  18.90 kB[22m
[2mpublic/build/[22m[36massets/index-BVfu5pIo.js                             [39m[1m[2m   70.70 kB[22m[1m[22m[2m Γöé gzip:  25.78 kB[22m
[2mpublic/build/[22m[36massets/index-3EWJbDiD.js                             [39m[1m[2m   92.86 kB[22m[1m[22m[2m Γöé gzip:  24.03 kB[22m
[2mpublic/build/[22m[36massets/index-Bgu7rmdK.js                             [39m[1m[2m   97.38 kB[22m[1m[22m[2m Γöé gzip:  28.13 kB[22m
[2mpublic/build/[22m[36massets/index-QNuvtmd0.js                             [39m[1m[2m  101.23 kB[22m[1m[22m[2m Γöé gzip:  33.62 kB[22m
[2mpublic/build/[22m[36massets/Show-BCG6V9cF.js                              [39m[1m[2m  129.59 kB[22m[1m[22m[2m Γöé gzip:  32.58 kB[22m
[2mpublic/build/[22m[36massets/Index-j1VY-nUS.js                             [39m[1m[2m  198.08 kB[22m[1m[22m[2m Γöé gzip:  66.21 kB[22m
[2mpublic/build/[22m[36massets/vendor-charts-Dud5__fM.js                     [39m[1m[2m  217.20 kB[22m[1m[22m[2m Γöé gzip:  73.46 kB[22m
[2mpublic/build/[22m[36massets/vendor-xlsx-BtghHq-e.js                       [39m[1m[2m  276.89 kB[22m[1m[22m[2m Γöé gzip:  91.45 kB[22m
[2mpublic/build/[22m[36massets/pagedjsPolyfill-UoPypxoS.js                   [39m[1m[2m1,022.78 kB[22m[1m[22m[2m Γöé gzip: 165.53 kB[22m
[2mpublic/build/[22m[36massets/vendor-editor-B-92OGYI.js                     [39m[1m[2m1,469.40 kB[22m[1m[22m[2m Γöé gzip: 465.40 kB[22m
[2mpublic/build/[22m[36massets/app-Hp1UsjXi.js                               [39m[1m[2m1,720.77 kB[22m[1m[22m[2m Γöé gzip: 400.64 kB[22m
[32mΓ£ô built in 37.38s[39m
