
> build
> vite build

[36mvite v7.1.4 [32mbuilding for production...[36m[39m
transforming...
/*! ≡ƒî╝ daisyUI 5.0.50 */
[32mΓ£ô[39m 3805 modules transformed.
rendering chunks...
computing gzip size...
[2mpublic/build/[22m[32massets/primeicons-C6QP2o4f.woff2                [39m[1m[2m   35.15 kB[22m[1m[22m
[2mpublic/build/[22m[32massets/primeicons-MpK4pl85.ttf                  [39m[1m[2m   84.98 kB[22m[1m[22m
[2mpublic/build/[22m[32massets/primeicons-WjwUDZjB.woff                 [39m[1m[2m   85.06 kB[22m[1m[22m
[2mpublic/build/[22m[32massets/primeicons-DMOk5skT.eot                  [39m[1m[2m   85.16 kB[22m[1m[22m
[2mpublic/build/[22m[32mmanifest.json                                   [39m[1m[2m   94.82 kB[22m[1m[22m[2m Γöé gzip:   9.34 kB[22m
[2mpublic/build/[22m[32massets/primeicons-Dr5RGzOO.svg                  [39m[1m[2m  342.53 kB[22m[1m[22m[2m Γöé gzip: 105.26 kB[22m
[2mpublic/build/[22m[35massets/Index-CoTtPyVM.css                       [39m[1m[2m    0.04 kB[22m[1m[22m[2m Γöé gzip:   0.06 kB[22m
[2mpublic/build/[22m[35massets/ApplicantProfileModal-BuywDKnp.css       [39m[1m[2m    0.04 kB[22m[1m[22m[2m Γöé gzip:   0.06 kB[22m
[2mpublic/build/[22m[35massets/DeletedRecords-CYkrjJx-.css              [39m[1m[2m    0.05 kB[22m[1m[22m[2m Γöé gzip:   0.07 kB[22m
[2mpublic/build/[22m[35massets/Index-_Gw9uOST.css                       [39m[1m[2m    0.07 kB[22m[1m[22m[2m Γöé gzip:   0.08 kB[22m
[2mpublic/build/[22m[35massets/Index-w2LCzVgY.css                       [39m[1m[2m    0.15 kB[22m[1m[22m[2m Γöé gzip:   0.14 kB[22m
[2mpublic/build/[22m[35massets/AccessControl-52h3jPaP.css               [39m[1m[2m    0.18 kB[22m[1m[22m[2m Γöé gzip:   0.12 kB[22m
[2mpublic/build/[22m[35massets/UserIndex-DNoIrtyV.css                   [39m[1m[2m    0.18 kB[22m[1m[22m[2m Γöé gzip:   0.12 kB[22m
[2mpublic/build/[22m[35massets/AcademicInformationFields-DKCfpD-e.css   [39m[1m[2m    0.19 kB[22m[1m[22m[2m Γöé gzip:   0.12 kB[22m
[2mpublic/build/[22m[35massets/ProfileHistory-lvPQYwF4.css              [39m[1m[2m    0.20 kB[22m[1m[22m[2m Γöé gzip:   0.16 kB[22m
[2mpublic/build/[22m[35massets/Index-BHKPLnp7.css                       [39m[1m[2m    0.22 kB[22m[1m[22m[2m Γöé gzip:   0.16 kB[22m
[2mpublic/build/[22m[35massets/ApprovalWorkflow-Ck_OFfPm.css            [39m[1m[2m    0.23 kB[22m[1m[22m[2m Γöé gzip:   0.16 kB[22m
[2mpublic/build/[22m[35massets/OBRTestPage-BWOlYZ7A.css                 [39m[1m[2m    0.27 kB[22m[1m[22m[2m Γöé gzip:   0.14 kB[22m
[2mpublic/build/[22m[35massets/OBRTrackingTimeline-BeTct4ei.css         [39m[1m[2m    0.29 kB[22m[1m[22m[2m Γöé gzip:   0.15 kB[22m
[2mpublic/build/[22m[35massets/RecordsSelect-Uv4IeoL9.css               [39m[1m[2m    0.37 kB[22m[1m[22m[2m Γöé gzip:   0.20 kB[22m
[2mpublic/build/[22m[35massets/FamilyInformationFields-D-rk1don.css     [39m[1m[2m    0.52 kB[22m[1m[22m[2m Γöé gzip:   0.28 kB[22m
[2mpublic/build/[22m[35massets/Index-1Yso8vkW.css                       [39m[1m[2m    0.54 kB[22m[1m[22m[2m Γöé gzip:   0.22 kB[22m
[2mpublic/build/[22m[35massets/Index-BzOUCds2.css                       [39m[1m[2m    0.62 kB[22m[1m[22m[2m Γöé gzip:   0.23 kB[22m
[2mpublic/build/[22m[35massets/Index-Cn6O6g6S.css                       [39m[1m[2m    0.63 kB[22m[1m[22m[2m Γöé gzip:   0.31 kB[22m
[2mpublic/build/[22m[35massets/EditUserModal-Dz3MCuh_.css               [39m[1m[2m    1.11 kB[22m[1m[22m[2m Γöé gzip:   0.40 kB[22m
[2mpublic/build/[22m[35massets/CreateUserModal-DLon5A-V.css             [39m[1m[2m    1.29 kB[22m[1m[22m[2m Γöé gzip:   0.42 kB[22m
[2mpublic/build/[22m[35massets/Index-CAE7Gx67.css                       [39m[1m[2m    1.48 kB[22m[1m[22m[2m Γöé gzip:   0.63 kB[22m
[2mpublic/build/[22m[35massets/SystemUpdateShow-CxmIRipe.css            [39m[1m[2m    1.73 kB[22m[1m[22m[2m Γöé gzip:   0.54 kB[22m
[2mpublic/build/[22m[35massets/Index-yJ5xf3BT.css                       [39m[1m[2m    1.89 kB[22m[1m[22m[2m Γöé gzip:   0.41 kB[22m
[2mpublic/build/[22m[35massets/Index-RiGSF2f3.css                       [39m[1m[2m    2.06 kB[22m[1m[22m[2m Γöé gzip:   0.67 kB[22m
[2mpublic/build/[22m[35massets/DeleteConfirmModal-12mgwAFT.css          [39m[1m[2m    2.17 kB[22m[1m[22m[2m Γöé gzip:   0.82 kB[22m
[2mpublic/build/[22m[35massets/RemarksModal-zOeFgS2X.css                [39m[1m[2m    2.23 kB[22m[1m[22m[2m Γöé gzip:   0.83 kB[22m
[2mpublic/build/[22m[35massets/PriorityModal-DyukJdIj.css               [39m[1m[2m    2.32 kB[22m[1m[22m[2m Γöé gzip:   0.85 kB[22m
[2mpublic/build/[22m[35massets/JpmModal-CXuqqTZ6.css                    [39m[1m[2m    2.39 kB[22m[1m[22m[2m Γöé gzip:   0.84 kB[22m
[2mpublic/build/[22m[35massets/Show-Cq8psJrP.css                        [39m[1m[2m    2.59 kB[22m[1m[22m[2m Γöé gzip:   0.74 kB[22m
[2mpublic/build/[22m[35massets/ExportSelectedModal-BXuiH8R4.css         [39m[1m[2m    2.62 kB[22m[1m[22m[2m Γöé gzip:   0.88 kB[22m
[2mpublic/build/[22m[35massets/GenerateReportModal-DvIOfnk7.css         [39m[1m[2m    2.70 kB[22m[1m[22m[2m Γöé gzip:   0.95 kB[22m
[2mpublic/build/[22m[35massets/UpdateYakapModal-CurHajOH.css            [39m[1m[2m    2.72 kB[22m[1m[22m[2m Γöé gzip:   0.93 kB[22m
[2mpublic/build/[22m[35massets/BatchUpdateYakapModal-CBC6Ovg6.css       [39m[1m[2m    3.05 kB[22m[1m[22m[2m Γöé gzip:   1.02 kB[22m
[2mpublic/build/[22m[35massets/ProfileReviewModal-xeORhRWV.css          [39m[1m[2m    3.41 kB[22m[1m[22m[2m Γöé gzip:   1.00 kB[22m
[2mpublic/build/[22m[35massets/RequirementsChecklistModal-pzpKeXj-.css  [39m[1m[2m    3.43 kB[22m[1m[22m[2m Γöé gzip:   1.00 kB[22m
[2mpublic/build/[22m[35massets/CourseModal-B-Z6rd15.css                 [39m[1m[2m    4.09 kB[22m[1m[22m[2m Γöé gzip:   1.18 kB[22m
[2mpublic/build/[22m[35massets/Register-C4WyVSsX.css                    [39m[1m[2m    4.20 kB[22m[1m[22m[2m Γöé gzip:   1.01 kB[22m
[2mpublic/build/[22m[35massets/GenerateReportModalIOS-YIrxUqth.css      [39m[1m[2m    4.27 kB[22m[1m[22m[2m Γöé gzip:   1.15 kB[22m
[2mpublic/build/[22m[35massets/ApplicantFormModal-DzS2fg0w.css          [39m[1m[2m    4.45 kB[22m[1m[22m[2m Γöé gzip:   1.20 kB[22m
[2mpublic/build/[22m[35massets/Login-ppm41EJy.css                       [39m[1m[2m    4.88 kB[22m[1m[22m[2m Γöé gzip:   1.15 kB[22m
[2mpublic/build/[22m[35massets/GenerateReportModal-BfFuuary.css         [39m[1m[2m    5.24 kB[22m[1m[22m[2m Γöé gzip:   1.46 kB[22m
[2mpublic/build/[22m[35massets/Index-Bef4PBWC.css                       [39m[1m[2m    5.53 kB[22m[1m[22m[2m Γöé gzip:   1.39 kB[22m
[2mpublic/build/[22m[35massets/Show-DnCWSztL.css                        [39m[1m[2m    6.19 kB[22m[1m[22m[2m Γöé gzip:   1.41 kB[22m
[2mpublic/build/[22m[35massets/AdminLayout-BysAbavx.css                 [39m[1m[2m    6.98 kB[22m[1m[22m[2m Γöé gzip:   1.57 kB[22m
[2mpublic/build/[22m[35massets/CourseSelect-Chsy-e4F.css                [39m[1m[2m    7.04 kB[22m[1m[22m[2m Γöé gzip:   1.72 kB[22m
[2mpublic/build/[22m[35massets/index-DHXAGmwn.css                       [39m[1m[2m   11.65 kB[22m[1m[22m[2m Γöé gzip:   2.24 kB[22m
[2mpublic/build/[22m[35massets/index-CL7Ch1A8.css                       [39m[1m[2m   22.76 kB[22m[1m[22m[2m Γöé gzip:   3.76 kB[22m
[2mpublic/build/[22m[35massets/SystemUpdates-zpKyC-5l.css               [39m[1m[2m   69.03 kB[22m[1m[22m[2m Γöé gzip:  13.34 kB[22m
[2mpublic/build/[22m[35massets/mobile-CjEh4fIZ.css                      [39m[1m[2m   99.99 kB[22m[1m[22m[2m Γöé gzip:  15.88 kB[22m
[2mpublic/build/[22m[35massets/app-4KUaUWN_.css                         [39m[1m[2m  244.04 kB[22m[1m[22m[2m Γöé gzip:  38.92 kB[22m
[2mpublic/build/[22m[36massets/_plugin-vue_export-helper-BCo6x5W8.js    [39m[1m[2m    0.09 kB[22m[1m[22m[2m Γöé gzip:   0.10 kB[22m
[2mpublic/build/[22m[36massets/logger--fYmAsfm.js                       [39m[1m[2m    0.11 kB[22m[1m[22m[2m Γöé gzip:   0.09 kB[22m
[2mpublic/build/[22m[36massets/index-DZzES34c.js                        [39m[1m[2m    0.18 kB[22m[1m[22m[2m Γöé gzip:   0.16 kB[22m
[2mpublic/build/[22m[36massets/InputError-DId_6xHy.js                   [39m[1m[2m    0.27 kB[22m[1m[22m[2m Γöé gzip:   0.23 kB[22m
[2mpublic/build/[22m[36massets/diff-UJJ5BM9S.js                         [39m[1m[2m    0.31 kB[22m[1m[22m[2m Γöé gzip:   0.24 kB[22m
[2mpublic/build/[22m[36massets/InputLabel-RjHhpiDP.js                   [39m[1m[2m    0.32 kB[22m[1m[22m[2m Γöé gzip:   0.25 kB[22m
[2mpublic/build/[22m[36massets/brainfuck-CtZaYBKt.js                    [39m[1m[2m    0.56 kB[22m[1m[22m[2m Γöé gzip:   0.32 kB[22m
[2mpublic/build/[22m[36massets/AdminIndex-DIM1kwug.js                   [39m[1m[2m    0.60 kB[22m[1m[22m[2m Γöé gzip:   0.41 kB[22m
[2mpublic/build/[22m[36massets/animations-CuPRpN59.js                   [39m[1m[2m    0.61 kB[22m[1m[22m[2m Γöé gzip:   0.32 kB[22m
[2mpublic/build/[22m[36massets/TextArea-DLFMmgA6.js                     [39m[1m[2m    0.66 kB[22m[1m[22m[2m Γöé gzip:   0.42 kB[22m
[2mpublic/build/[22m[36massets/properties-_nPj978X.js                   [39m[1m[2m    0.67 kB[22m[1m[22m[2m Γöé gzip:   0.35 kB[22m
[2mpublic/build/[22m[36massets/PrimaryButton-CUJjcY5w.js                [39m[1m[2m    0.72 kB[22m[1m[22m[2m Γöé gzip:   0.47 kB[22m
[2mpublic/build/[22m[36massets/asciiarmor-D5V0T9Cu.js                   [39m[1m[2m    0.77 kB[22m[1m[22m[2m Γöé gzip:   0.42 kB[22m
[2mpublic/build/[22m[36massets/cmake-DXn5xaP-.js                        [39m[1m[2m    0.77 kB[22m[1m[22m[2m Γöé gzip:   0.47 kB[22m
[2mpublic/build/[22m[36massets/solr-78MBEUkU.js                         [39m[1m[2m    0.82 kB[22m[1m[22m[2m Γöé gzip:   0.46 kB[22m
[2mpublic/build/[22m[36massets/permissions-DbfmkHPX.js                  [39m[1m[2m    0.84 kB[22m[1m[22m[2m Γöé gzip:   0.33 kB[22m
[2mpublic/build/[22m[36massets/http-BKJkqRj4.js                         [39m[1m[2m    0.85 kB[22m[1m[22m[2m Γöé gzip:   0.43 kB[22m
[2mpublic/build/[22m[36massets/TextInput-BwyfJHyv.js                    [39m[1m[2m    0.86 kB[22m[1m[22m[2m Γöé gzip:   0.49 kB[22m
[2mpublic/build/[22m[36massets/protobuf-B4y9do6W.js                     [39m[1m[2m    0.90 kB[22m[1m[22m[2m Γöé gzip:   0.51 kB[22m
[2mpublic/build/[22m[36massets/troff-Ce85hlLp.js                        [39m[1m[2m    0.97 kB[22m[1m[22m[2m Γöé gzip:   0.44 kB[22m
[2mpublic/build/[22m[36massets/toml-BVJm5Fzd.js                         [39m[1m[2m    1.05 kB[22m[1m[22m[2m Γöé gzip:   0.54 kB[22m
[2mpublic/build/[22m[36massets/spreadsheet-CGlWr0eM.js                  [39m[1m[2m    1.14 kB[22m[1m[22m[2m Γöé gzip:   0.54 kB[22m
[2mpublic/build/[22m[36massets/auto-uuXlY94v.js                         [39m[1m[2m    1.22 kB[22m[1m[22m[2m Γöé gzip:   0.59 kB[22m
[2mpublic/build/[22m[36massets/mbox-DoeuZPxA.js                         [39m[1m[2m    1.37 kB[22m[1m[22m[2m Γöé gzip:   0.65 kB[22m
[2mpublic/build/[22m[36massets/ntriples-BSwWqoLa.js                     [39m[1m[2m    1.43 kB[22m[1m[22m[2m Γöé gzip:   0.60 kB[22m
[2mpublic/build/[22m[36massets/sieve-r025o_jW.js                        [39m[1m[2m    1.63 kB[22m[1m[22m[2m Γöé gzip:   0.77 kB[22m
[2mpublic/build/[22m[36massets/rpm-DI_rRufH.js                          [39m[1m[2m    1.65 kB[22m[1m[22m[2m Γöé gzip:   0.83 kB[22m
[2mpublic/build/[22m[36massets/factor-Bk9_H-XT.js                       [39m[1m[2m    1.67 kB[22m[1m[22m[2m Γöé gzip:   0.62 kB[22m
[2mpublic/build/[22m[36massets/z80-D8p3gKXp.js                          [39m[1m[2m    1.74 kB[22m[1m[22m[2m Γöé gzip:   0.81 kB[22m
[2mpublic/build/[22m[36massets/eiffel-DR5c0IrL.js                       [39m[1m[2m    1.79 kB[22m[1m[22m[2m Γöé gzip:   0.92 kB[22m
[2mpublic/build/[22m[36massets/ebnf-B-Df8AvO.js                         [39m[1m[2m    1.80 kB[22m[1m[22m[2m Γöé gzip:   0.76 kB[22m
[2mpublic/build/[22m[36massets/ChangePasswordModal-QUG7F-Ef.js          [39m[1m[2m    1.81 kB[22m[1m[22m[2m Γöé gzip:   0.87 kB[22m
[2mpublic/build/[22m[36massets/elm-DompmV0j.js                          [39m[1m[2m    1.87 kB[22m[1m[22m[2m Γöé gzip:   0.83 kB[22m
[2mpublic/build/[22m[36massets/mathematica-IIbmv7SK.js                  [39m[1m[2m    1.90 kB[22m[1m[22m[2m Γöé gzip:   0.81 kB[22m
[2mpublic/build/[22m[36massets/dockerfile-DVQ9Q8O9.js                   [39m[1m[2m    1.93 kB[22m[1m[22m[2m Γöé gzip:   0.66 kB[22m
[2mpublic/build/[22m[36massets/turtle-BkSuIpt-.js                       [39m[1m[2m    1.94 kB[22m[1m[22m[2m Γöé gzip:   0.90 kB[22m
[2mpublic/build/[22m[36massets/smalltalk-C7J3IyEP.js                    [39m[1m[2m    2.00 kB[22m[1m[22m[2m Γöé gzip:   0.86 kB[22m
[2mpublic/build/[22m[36massets/dtd-DI9Herc-.js                          [39m[1m[2m    2.00 kB[22m[1m[22m[2m Γöé gzip:   0.89 kB[22m
[2mpublic/build/[22m[36massets/mumps-zvxmGV4l.js                        [39m[1m[2m    2.04 kB[22m[1m[22m[2m Γöé gzip:   0.96 kB[22m
[2mpublic/build/[22m[36massets/fcl-CVaBTCzQ.js                          [39m[1m[2m    2.04 kB[22m[1m[22m[2m Γöé gzip:   0.96 kB[22m
[2mpublic/build/[22m[36massets/ProgramSelect-COIoci6l.js                [39m[1m[2m    2.10 kB[22m[1m[22m[2m Γöé gzip:   0.94 kB[22m
[2mpublic/build/[22m[36massets/yacas-I8QjZlxf.js                        [39m[1m[2m    2.14 kB[22m[1m[22m[2m Γöé gzip:   1.10 kB[22m
[2mpublic/build/[22m[36massets/RequirementModal-Di4spIX8.js             [39m[1m[2m    2.24 kB[22m[1m[22m[2m Γöé gzip:   1.15 kB[22m
[2mpublic/build/[22m[36massets/pascal-CafrKXZF.js                       [39m[1m[2m    2.25 kB[22m[1m[22m[2m Γöé gzip:   1.17 kB[22m
[2mpublic/build/[22m[36massets/simple-mode-CjHKX61j.js                  [39m[1m[2m    2.26 kB[22m[1m[22m[2m Γöé gzip:   1.08 kB[22m
[2mpublic/build/[22m[36massets/apl-CXdQSnD-.js                          [39m[1m[2m    2.27 kB[22m[1m[22m[2m Γöé gzip:   1.23 kB[22m
[2mpublic/build/[22m[36massets/commonlisp-vq6DHwts.js                   [39m[1m[2m    2.31 kB[22m[1m[22m[2m Γöé gzip:   1.11 kB[22m
[2mpublic/build/[22m[36massets/octave-C4hdQ5Hf.js                       [39m[1m[2m    2.32 kB[22m[1m[22m[2m Γöé gzip:   1.09 kB[22m
[2mpublic/build/[22m[36massets/tcl-B2fODqDH.js                          [39m[1m[2m    2.34 kB[22m[1m[22m[2m Γöé gzip:   1.21 kB[22m
[2mpublic/build/[22m[36massets/pig-CwGJVRC4.js                          [39m[1m[2m    2.50 kB[22m[1m[22m[2m Γöé gzip:   1.35 kB[22m
[2mpublic/build/[22m[36massets/YearLevelSelect-CaX_4AMO.js              [39m[1m[2m    2.50 kB[22m[1m[22m[2m Γöé gzip:   0.97 kB[22m
[2mpublic/build/[22m[36massets/webidl-CGwyPRYs.js                       [39m[1m[2m    2.51 kB[22m[1m[22m[2m Γöé gzip:   1.24 kB[22m
[2mpublic/build/[22m[36massets/puppet-Bc-yJKzi.js                       [39m[1m[2m    2.53 kB[22m[1m[22m[2m Γöé gzip:   1.21 kB[22m
[2mpublic/build/[22m[36massets/forth-POgR1ypr.js                        [39m[1m[2m    2.54 kB[22m[1m[22m[2m Γöé gzip:   1.33 kB[22m
[2mpublic/build/[22m[36massets/shell-BLav31RL.js                        [39m[1m[2m    2.54 kB[22m[1m[22m[2m Γöé gzip:   1.20 kB[22m
[2mpublic/build/[22m[36massets/useScholarshipStatus-Cmwo3VY1.js         [39m[1m[2m    2.60 kB[22m[1m[22m[2m Γöé gzip:   1.05 kB[22m
[2mpublic/build/[22m[36massets/jinja2-DhgKlfW7.js                       [39m[1m[2m    2.61 kB[22m[1m[22m[2m Γöé gzip:   1.05 kB[22m
[2mpublic/build/[22m[36massets/index-CiCa_X6i.js                        [39m[1m[2m    2.66 kB[22m[1m[22m[2m Γöé gzip:   1.63 kB[22m
[2mpublic/build/[22m[36massets/velocity-BdD_26Jv.js                     [39m[1m[2m    2.66 kB[22m[1m[22m[2m Γöé gzip:   1.11 kB[22m
[2mpublic/build/[22m[36massets/modelica-DSrSSXCg.js                     [39m[1m[2m    2.78 kB[22m[1m[22m[2m Γöé gzip:   1.30 kB[22m
[2mpublic/build/[22m[36massets/tiddlywiki-BgR6AEZu.js                   [39m[1m[2m    2.80 kB[22m[1m[22m[2m Γöé gzip:   1.08 kB[22m
[2mpublic/build/[22m[36massets/oz-qQq7irPq.js                           [39m[1m[2m    2.85 kB[22m[1m[22m[2m Γöé gzip:   1.28 kB[22m
[2mpublic/build/[22m[36massets/index-DEd98-sM.js                        [39m[1m[2m    2.87 kB[22m[1m[22m[2m Γöé gzip:   1.63 kB[22m
[2mpublic/build/[22m[36massets/r-BA4EbLKE.js                            [39m[1m[2m    2.88 kB[22m[1m[22m[2m Γöé gzip:   1.34 kB[22m
[2mpublic/build/[22m[36massets/Edit-DtpuML-E.js                         [39m[1m[2m    3.06 kB[22m[1m[22m[2m Γöé gzip:   1.28 kB[22m
[2mpublic/build/[22m[36massets/stex-9_wePcov.js                         [39m[1m[2m    3.10 kB[22m[1m[22m[2m Γöé gzip:   1.15 kB[22m
[2mpublic/build/[22m[36massets/BarangaySelect-BC8s1F4K.js               [39m[1m[2m    3.13 kB[22m[1m[22m[2m Γöé gzip:   1.29 kB[22m
[2mpublic/build/[22m[36massets/tiki-CI-ztowC.js                         [39m[1m[2m    3.17 kB[22m[1m[22m[2m Γöé gzip:   1.25 kB[22m
[2mpublic/build/[22m[36massets/index-RvSdoxA2.js                        [39m[1m[2m    3.30 kB[22m[1m[22m[2m Γöé gzip:   1.42 kB[22m
[2mpublic/build/[22m[36massets/vhdl-CWWH2SUo.js                         [39m[1m[2m    3.30 kB[22m[1m[22m[2m Γöé gzip:   1.54 kB[22m
[2mpublic/build/[22m[36massets/NotFoundPage-B2Ob8jlu.js                 [39m[1m[2m    3.34 kB[22m[1m[22m[2m Γöé gzip:   1.51 kB[22m
[2mpublic/build/[22m[36massets/lua-8DXOpKDz.js                          [39m[1m[2m    3.34 kB[22m[1m[22m[2m Γöé gzip:   1.43 kB[22m
[2mpublic/build/[22m[36massets/RemarksModal-DhN1z0T2.js                 [39m[1m[2m    3.35 kB[22m[1m[22m[2m Γöé gzip:   1.47 kB[22m
[2mpublic/build/[22m[36massets/ForbiddenPage-CxXlzey-.js                [39m[1m[2m    3.39 kB[22m[1m[22m[2m Γöé gzip:   1.54 kB[22m
[2mpublic/build/[22m[36massets/AcademicYearSelect-DTqzxUFf.js           [39m[1m[2m    3.42 kB[22m[1m[22m[2m Γöé gzip:   1.23 kB[22m
[2mpublic/build/[22m[36massets/MunicipalitySelect-BKJ3kz0Z.js           [39m[1m[2m    3.48 kB[22m[1m[22m[2m Γöé gzip:   1.38 kB[22m
[2mpublic/build/[22m[36massets/index-D5zZiKCT.js                        [39m[1m[2m    3.51 kB[22m[1m[22m[2m Γöé gzip:   1.80 kB[22m
[2mpublic/build/[22m[36massets/sparql-BRLJFz69.js                       [39m[1m[2m    3.52 kB[22m[1m[22m[2m Γöé gzip:   1.63 kB[22m
[2mpublic/build/[22m[36massets/mscgen-B2igx18G.js                       [39m[1m[2m    3.55 kB[22m[1m[22m[2m Γöé gzip:   0.99 kB[22m
[2mpublic/build/[22m[36massets/cypher-gJDei3ni.js                       [39m[1m[2m    3.56 kB[22m[1m[22m[2m Γöé gzip:   1.51 kB[22m
[2mpublic/build/[22m[36massets/DeleteConfirmModal-C4stlDlt.js           [39m[1m[2m    3.64 kB[22m[1m[22m[2m Γöé gzip:   1.58 kB[22m
[2mpublic/build/[22m[36massets/SchoolSelect-vTuqXBzX.js                 [39m[1m[2m    3.64 kB[22m[1m[22m[2m Γöé gzip:   1.36 kB[22m
[2mpublic/build/[22m[36massets/d-BShv7fp-.js                            [39m[1m[2m    3.70 kB[22m[1m[22m[2m Γöé gzip:   1.68 kB[22m
[2mpublic/build/[22m[36massets/Create-Dn1M2m3j.js                       [39m[1m[2m    3.72 kB[22m[1m[22m[2m Γöé gzip:   1.35 kB[22m
[2mpublic/build/[22m[36massets/coffeescript-BTDxI-eT.js                 [39m[1m[2m    3.85 kB[22m[1m[22m[2m Γöé gzip:   1.69 kB[22m
[2mpublic/build/[22m[36massets/vb-BHgjm0DN.js                           [39m[1m[2m    3.87 kB[22m[1m[22m[2m Γöé gzip:   1.78 kB[22m
[2mpublic/build/[22m[36massets/asn1-DWPaVWf6.js                         [39m[1m[2m    3.94 kB[22m[1m[22m[2m Γöé gzip:   1.95 kB[22m
[2mpublic/build/[22m[36massets/Login-BN2Q3jfN.js                        [39m[1m[2m    3.97 kB[22m[1m[22m[2m Γöé gzip:   1.79 kB[22m
[2mpublic/build/[22m[36massets/RequirementModal-Cas4p0ee.js             [39m[1m[2m    3.97 kB[22m[1m[22m[2m Γöé gzip:   1.47 kB[22m
[2mpublic/build/[22m[36massets/swift-B_XXVlXX.js                        [39m[1m[2m    3.99 kB[22m[1m[22m[2m Γöé gzip:   1.77 kB[22m
[2mpublic/build/[22m[36massets/ExportModal-D4WoHDFD.js                  [39m[1m[2m    4.00 kB[22m[1m[22m[2m Γöé gzip:   1.72 kB[22m
[2mpublic/build/[22m[36massets/q-mUfi2b_o.js                            [39m[1m[2m    4.00 kB[22m[1m[22m[2m Γöé gzip:   1.69 kB[22m
[2mpublic/build/[22m[36massets/ttcn-cfg-CKJxb-l2.js                     [39m[1m[2m    4.03 kB[22m[1m[22m[2m Γöé gzip:   1.71 kB[22m
[2mpublic/build/[22m[36massets/dylan-DkEP81N9.js                        [39m[1m[2m    4.03 kB[22m[1m[22m[2m Γöé gzip:   1.64 kB[22m
[2mpublic/build/[22m[36massets/livescript-HO6ttBFx.js                   [39m[1m[2m    4.06 kB[22m[1m[22m[2m Γöé gzip:   1.63 kB[22m
[2mpublic/build/[22m[36massets/groovy-DnIzCrpZ.js                       [39m[1m[2m    4.12 kB[22m[1m[22m[2m Γöé gzip:   1.76 kB[22m
[2mpublic/build/[22m[36massets/haskell-CLQs6EAM.js                      [39m[1m[2m    4.16 kB[22m[1m[22m[2m Γöé gzip:   1.90 kB[22m
[2mpublic/build/[22m[36massets/YakapCategoryModal-BU9Qlq1Y.js           [39m[1m[2m    4.18 kB[22m[1m[22m[2m Γöé gzip:   1.69 kB[22m
[2mpublic/build/[22m[36massets/asterisk-B46aRdXb.js                     [39m[1m[2m    4.39 kB[22m[1m[22m[2m Γöé gzip:   1.78 kB[22m
[2mpublic/build/[22m[36massets/Show-CM7xtC6V.js                         [39m[1m[2m    4.41 kB[22m[1m[22m[2m Γöé gzip:   1.89 kB[22m
[2mpublic/build/[22m[36massets/Register-GQmHfCuJ.js                     [39m[1m[2m    4.51 kB[22m[1m[22m[2m Γöé gzip:   1.73 kB[22m
[2mpublic/build/[22m[36massets/gas-bV0CklSb.js                          [39m[1m[2m    4.54 kB[22m[1m[22m[2m Γöé gzip:   1.28 kB[22m
[2mpublic/build/[22m[36massets/ScholarshipTable-D78_ctJb.js             [39m[1m[2m    4.61 kB[22m[1m[22m[2m Γöé gzip:   1.21 kB[22m
[2mpublic/build/[22m[36massets/fortran-DL7KluxX.js                      [39m[1m[2m    4.61 kB[22m[1m[22m[2m Γöé gzip:   1.99 kB[22m
[2mpublic/build/[22m[36massets/index-Bly_1Y8m.js                        [39m[1m[2m    4.61 kB[22m[1m[22m[2m Γöé gzip:   1.37 kB[22m
[2mpublic/build/[22m[36massets/ttcn-BxnYHtq8.js                         [39m[1m[2m    4.78 kB[22m[1m[22m[2m Γöé gzip:   2.12 kB[22m
[2mpublic/build/[22m[36massets/mllike-3c2dg9RT.js                       [39m[1m[2m    4.79 kB[22m[1m[22m[2m Γöé gzip:   1.55 kB[22m
[2mpublic/build/[22m[36massets/EditUserModal-0M3pHMQg.js                [39m[1m[2m    4.93 kB[22m[1m[22m[2m Γöé gzip:   1.88 kB[22m
[2mpublic/build/[22m[36massets/CourseSelect-SSlo9Glr.js                 [39m[1m[2m    4.99 kB[22m[1m[22m[2m Γöé gzip:   1.69 kB[22m
[2mpublic/build/[22m[36massets/SchoolModal-DblG6GmJ.js                  [39m[1m[2m    5.03 kB[22m[1m[22m[2m Γöé gzip:   1.65 kB[22m
[2mpublic/build/[22m[36massets/ecl-DPFc0Uaf.js                          [39m[1m[2m    5.10 kB[22m[1m[22m[2m Γöé gzip:   2.30 kB[22m
[2mpublic/build/[22m[36massets/crystal-CRzZ78HM.js                      [39m[1m[2m    5.10 kB[22m[1m[22m[2m Γöé gzip:   2.05 kB[22m
[2mpublic/build/[22m[36massets/ProgramModal-BGsNdJB4.js                 [39m[1m[2m    5.11 kB[22m[1m[22m[2m Γöé gzip:   1.66 kB[22m
[2mpublic/build/[22m[36massets/ruby-CR-u2WLS.js                         [39m[1m[2m    5.13 kB[22m[1m[22m[2m Γöé gzip:   2.14 kB[22m
[2mpublic/build/[22m[36massets/index-BFnfi9qn.js                        [39m[1m[2m    5.16 kB[22m[1m[22m[2m Γöé gzip:   2.47 kB[22m
[2mpublic/build/[22m[36massets/CreateUserModal-Cws_5EZz.js              [39m[1m[2m    5.30 kB[22m[1m[22m[2m Γöé gzip:   1.89 kB[22m
[2mpublic/build/[22m[36massets/julia-DjdwvFuI.js                        [39m[1m[2m    5.34 kB[22m[1m[22m[2m Γöé gzip:   2.12 kB[22m
[2mpublic/build/[22m[36massets/BatchUpdateYakapModal-CuJLGv2R.js        [39m[1m[2m    5.44 kB[22m[1m[22m[2m Γöé gzip:   2.09 kB[22m
[2mpublic/build/[22m[36massets/UpdateYakapModal-B3WA9G2m.js             [39m[1m[2m    5.47 kB[22m[1m[22m[2m Γöé gzip:   1.99 kB[22m
[2mpublic/build/[22m[36massets/ApprovalWorkflow-Cuhjm9wP.js             [39m[1m[2m    5.57 kB[22m[1m[22m[2m Γöé gzip:   1.90 kB[22m
[2mpublic/build/[22m[36massets/Index-DuEyS2Hq.js                        [39m[1m[2m    5.75 kB[22m[1m[22m[2m Γöé gzip:   2.39 kB[22m
[2mpublic/build/[22m[36massets/vbscript-Dawdd5GZ.js                     [39m[1m[2m    5.77 kB[22m[1m[22m[2m Γöé gzip:   2.51 kB[22m
[2mpublic/build/[22m[36massets/mirc-DkvFAiy5.js                         [39m[1m[2m    5.92 kB[22m[1m[22m[2m Γöé gzip:   2.69 kB[22m
[2mpublic/build/[22m[36massets/cobol-stawOqaz.js                        [39m[1m[2m    6.15 kB[22m[1m[22m[2m Γöé gzip:   2.93 kB[22m
[2mpublic/build/[22m[36massets/Index-omYaTeg_.js                        [39m[1m[2m    6.21 kB[22m[1m[22m[2m Γöé gzip:   2.57 kB[22m
[2mpublic/build/[22m[36massets/ExportSelectedModal-IS6nh6hI.js          [39m[1m[2m    6.35 kB[22m[1m[22m[2m Γöé gzip:   2.37 kB[22m
[2mpublic/build/[22m[36massets/scheme-qjP0V5Ag.js                       [39m[1m[2m    6.35 kB[22m[1m[22m[2m Γöé gzip:   2.39 kB[22m
[2mpublic/build/[22m[36massets/python-DD-Q2bae.js                       [39m[1m[2m    6.41 kB[22m[1m[22m[2m Γöé gzip:   2.70 kB[22m
[2mpublic/build/[22m[36massets/pug-BTvK5tSS.js                          [39m[1m[2m    6.54 kB[22m[1m[22m[2m Γöé gzip:   1.83 kB[22m
[2mpublic/build/[22m[36massets/xquery-CVDBqZPY.js                       [39m[1m[2m    6.55 kB[22m[1m[22m[2m Γöé gzip:   2.57 kB[22m
[2mpublic/build/[22m[36massets/Index-PgRRHRrD.js                        [39m[1m[2m    6.66 kB[22m[1m[22m[2m Γöé gzip:   2.56 kB[22m
[2mpublic/build/[22m[36massets/textile-BuVhTOzU.js                      [39m[1m[2m    6.74 kB[22m[1m[22m[2m Γöé gzip:   2.44 kB[22m
[2mpublic/build/[22m[36massets/SystemUpdateShow-CbrgkkQq.js             [39m[1m[2m    6.75 kB[22m[1m[22m[2m Γöé gzip:   2.62 kB[22m
[2mpublic/build/[22m[36massets/nsis-Cx8FAvMN.js                         [39m[1m[2m    6.81 kB[22m[1m[22m[2m Γöé gzip:   2.99 kB[22m
[2mpublic/build/[22m[36massets/Index-DZLliyoa.js                        [39m[1m[2m    6.88 kB[22m[1m[22m[2m Γöé gzip:   2.69 kB[22m
[2mpublic/build/[22m[36massets/PriorityModal-MInVauPG.js                [39m[1m[2m    7.18 kB[22m[1m[22m[2m Γöé gzip:   2.63 kB[22m
[2mpublic/build/[22m[36massets/RecordsSelect-BGrd9EW3.js                [39m[1m[2m    7.27 kB[22m[1m[22m[2m Γöé gzip:   2.26 kB[22m
[2mpublic/build/[22m[36massets/nginx-B4hAVlXN.js                        [39m[1m[2m    7.29 kB[22m[1m[22m[2m Γöé gzip:   2.71 kB[22m
[2mpublic/build/[22m[36massets/OBRTrackingTimeline-BdDThxJI.js          [39m[1m[2m    7.36 kB[22m[1m[22m[2m Γöé gzip:   2.74 kB[22m
[2mpublic/build/[22m[36massets/UserIndex-Cx0J8oFe.js                    [39m[1m[2m    7.41 kB[22m[1m[22m[2m Γöé gzip:   3.04 kB[22m
[2mpublic/build/[22m[36massets/Profile-DHkIHFla.js                      [39m[1m[2m    7.45 kB[22m[1m[22m[2m Γöé gzip:   2.03 kB[22m
[2mpublic/build/[22m[36massets/haxe-D25e-2l-.js                         [39m[1m[2m    7.71 kB[22m[1m[22m[2m Γöé gzip:   2.89 kB[22m
[2mpublic/build/[22m[36massets/powershell-D1ly3AHC.js                   [39m[1m[2m    7.73 kB[22m[1m[22m[2m Γöé gzip:   3.31 kB[22m
[2mpublic/build/[22m[36massets/erlang-BuqgqA5h.js                       [39m[1m[2m    7.93 kB[22m[1m[22m[2m Γöé gzip:   2.89 kB[22m
[2mpublic/build/[22m[36massets/verilog-B4LBqg_1.js                      [39m[1m[2m    8.20 kB[22m[1m[22m[2m Γöé gzip:   3.45 kB[22m
[2mpublic/build/[22m[36massets/Index-CvTa8S8c.js                        [39m[1m[2m    8.40 kB[22m[1m[22m[2m Γöé gzip:   2.66 kB[22m
[2mpublic/build/[22m[36massets/Index-BNjchZb7.js                        [39m[1m[2m    8.47 kB[22m[1m[22m[2m Γöé gzip:   2.86 kB[22m
[2mpublic/build/[22m[36massets/ActivityLogs-DKzrGYKi.js                 [39m[1m[2m    8.61 kB[22m[1m[22m[2m Γöé gzip:   3.06 kB[22m
[2mpublic/build/[22m[36massets/Index-rbZO8IZg.js                        [39m[1m[2m    8.62 kB[22m[1m[22m[2m Γöé gzip:   3.42 kB[22m
[2mpublic/build/[22m[36massets/InterviewAssessmentModal-TVW2-vSb.js     [39m[1m[2m    8.67 kB[22m[1m[22m[2m Γöé gzip:   2.60 kB[22m
[2mpublic/build/[22m[36massets/ProfileHistory--2yfB02T.js               [39m[1m[2m    8.73 kB[22m[1m[22m[2m Γöé gzip:   2.83 kB[22m
[2mpublic/build/[22m[36massets/JpmModal-CGuMNmKJ.js                     [39m[1m[2m    8.74 kB[22m[1m[22m[2m Γöé gzip:   2.66 kB[22m
[2mpublic/build/[22m[36massets/Index-CUQ0EXem.js                        [39m[1m[2m    8.89 kB[22m[1m[22m[2m Γöé gzip:   3.30 kB[22m
[2mpublic/build/[22m[36massets/sas-Bqaci40L.js                          [39m[1m[2m    9.33 kB[22m[1m[22m[2m Γöé gzip:   4.11 kB[22m
[2mpublic/build/[22m[36massets/perl-tdMlh9QA.js                         [39m[1m[2m    9.54 kB[22m[1m[22m[2m Γöé gzip:   3.44 kB[22m
[2mpublic/build/[22m[36massets/CourseModal-BzG4deDc.js                  [39m[1m[2m    9.58 kB[22m[1m[22m[2m Γöé gzip:   3.07 kB[22m
[2mpublic/build/[22m[36massets/Reports-B3Ok7xJt.js                      [39m[1m[2m    9.67 kB[22m[1m[22m[2m Γöé gzip:   2.92 kB[22m
[2mpublic/build/[22m[36massets/ReportView-BEApLBPv.js                   [39m[1m[2m    9.75 kB[22m[1m[22m[2m Γöé gzip:   3.14 kB[22m
[2mpublic/build/[22m[36massets/gherkin-B6X1vGSW.js                      [39m[1m[2m   10.16 kB[22m[1m[22m[2m Γöé gzip:   5.09 kB[22m
[2mpublic/build/[22m[36massets/GenerateReportModal-DxgkzsDS.js          [39m[1m[2m   10.64 kB[22m[1m[22m[2m Γöé gzip:   3.38 kB[22m
[2mpublic/build/[22m[36massets/DeletedRecords-3vglh5Bb.js               [39m[1m[2m   10.77 kB[22m[1m[22m[2m Γöé gzip:   3.12 kB[22m
[2mpublic/build/[22m[36massets/clojure-DiuoqK-z.js                      [39m[1m[2m   10.80 kB[22m[1m[22m[2m Γöé gzip:   3.99 kB[22m
[2mpublic/build/[22m[36massets/Index-CKoGxS2C.js                        [39m[1m[2m   11.39 kB[22m[1m[22m[2m Γöé gzip:   3.91 kB[22m
[2mpublic/build/[22m[36massets/idl-pcmmZuaN.js                          [39m[1m[2m   11.69 kB[22m[1m[22m[2m Γöé gzip:   4.52 kB[22m
[2mpublic/build/[22m[36massets/index-D8QM_sBi.js                        [39m[1m[2m   11.90 kB[22m[1m[22m[2m Γöé gzip:   3.50 kB[22m
[2mpublic/build/[22m[36massets/Index-DvFmhApb.js                        [39m[1m[2m   12.09 kB[22m[1m[22m[2m Γöé gzip:   3.26 kB[22m
[2mpublic/build/[22m[36massets/index-c-iagAw3.js                        [39m[1m[2m   12.71 kB[22m[1m[22m[2m Γöé gzip:   5.61 kB[22m
[2mpublic/build/[22m[36massets/Index-aChNGIOd.js                        [39m[1m[2m   13.66 kB[22m[1m[22m[2m Γöé gzip:   3.84 kB[22m
[2mpublic/build/[22m[36massets/index-BVAUTrcm.js                        [39m[1m[2m   13.94 kB[22m[1m[22m[2m Γöé gzip:   3.64 kB[22m
[2mpublic/build/[22m[36massets/ProfileReviewModal-BUedvmNY.js           [39m[1m[2m   14.72 kB[22m[1m[22m[2m Γöé gzip:   4.17 kB[22m
[2mpublic/build/[22m[36massets/ReportView-DJR_hOFo.js                   [39m[1m[2m   14.81 kB[22m[1m[22m[2m Γöé gzip:   4.49 kB[22m
[2mpublic/build/[22m[36massets/index-BR9no0-Z.js                        [39m[1m[2m   14.88 kB[22m[1m[22m[2m Γöé gzip:   6.01 kB[22m
[2mpublic/build/[22m[36massets/Create-CLmpejgE.js                       [39m[1m[2m   14.97 kB[22m[1m[22m[2m Γöé gzip:   4.88 kB[22m
[2mpublic/build/[22m[36massets/index-BGX3_F3T.js                        [39m[1m[2m   16.46 kB[22m[1m[22m[2m Γöé gzip:   7.55 kB[22m
[2mpublic/build/[22m[36massets/javascript-BpzJj0-u.js                   [39m[1m[2m   16.54 kB[22m[1m[22m[2m Γöé gzip:   5.68 kB[22m
[2mpublic/build/[22m[36massets/Index-Db-n3OVS.js                        [39m[1m[2m   16.86 kB[22m[1m[22m[2m Γöé gzip:   5.11 kB[22m
[2mpublic/build/[22m[36massets/GenerateReportModalIOS-CKdmHa3p.js       [39m[1m[2m   16.92 kB[22m[1m[22m[2m Γöé gzip:   4.75 kB[22m
[2mpublic/build/[22m[36massets/GenerateReportModal-DlMTwqCh.js          [39m[1m[2m   16.97 kB[22m[1m[22m[2m Γöé gzip:   4.66 kB[22m
[2mpublic/build/[22m[36massets/RequirementsChecklistModal-Dg1hRYK8.js   [39m[1m[2m   17.10 kB[22m[1m[22m[2m Γöé gzip:   5.43 kB[22m
[2mpublic/build/[22m[36massets/GenerateReportModal-BAroYZbS.js          [39m[1m[2m   17.73 kB[22m[1m[22m[2m Γöé gzip:   4.77 kB[22m
[2mpublic/build/[22m[36massets/Index-CY2K4T-A.js                        [39m[1m[2m   18.44 kB[22m[1m[22m[2m Γöé gzip:   5.79 kB[22m
[2mpublic/build/[22m[36massets/Welcome-CQBL5OjK.js                      [39m[1m[2m   18.70 kB[22m[1m[22m[2m Γöé gzip:   6.15 kB[22m
[2mpublic/build/[22m[36massets/AcademicInformationFields-D5IelMEP.js    [39m[1m[2m   18.72 kB[22m[1m[22m[2m Γöé gzip:   4.16 kB[22m
[2mpublic/build/[22m[36massets/index-DcbxtlNm.js                        [39m[1m[2m   19.91 kB[22m[1m[22m[2m Γöé gzip:   9.32 kB[22m
[2mpublic/build/[22m[36massets/index-CT9PFLQ5.js                        [39m[1m[2m   20.17 kB[22m[1m[22m[2m Γöé gzip:   6.62 kB[22m
[2mpublic/build/[22m[36massets/FamilyInformationFields-CHXDtcdf.js      [39m[1m[2m   20.32 kB[22m[1m[22m[2m Γöé gzip:   4.57 kB[22m
[2mpublic/build/[22m[36massets/Settings-CmTrC3Vx.js                     [39m[1m[2m   20.44 kB[22m[1m[22m[2m Γöé gzip:   6.10 kB[22m
[2mpublic/build/[22m[36massets/OBRTestPage-BFylyRVv.js                  [39m[1m[2m   20.44 kB[22m[1m[22m[2m Γöé gzip:   5.48 kB[22m
[2mpublic/build/[22m[36massets/index-h4E9hBmC.js                        [39m[1m[2m   20.60 kB[22m[1m[22m[2m Γöé gzip:   7.10 kB[22m
[2mpublic/build/[22m[36massets/clike-fQ55tJiR.js                        [39m[1m[2m   22.15 kB[22m[1m[22m[2m Γöé gzip:   7.79 kB[22m
[2mpublic/build/[22m[36massets/ApplicantFormModal-D76IkaEA.js           [39m[1m[2m   22.80 kB[22m[1m[22m[2m Γöé gzip:   6.70 kB[22m
[2mpublic/build/[22m[36massets/index-B4CDBegB.js                        [39m[1m[2m   23.06 kB[22m[1m[22m[2m Γöé gzip:  10.33 kB[22m
[2mpublic/build/[22m[36massets/UserProfile-BXo-6pot.js                  [39m[1m[2m   24.25 kB[22m[1m[22m[2m Γöé gzip:   6.93 kB[22m
[2mpublic/build/[22m[36massets/Index-Dk_ffNQD.js                        [39m[1m[2m   24.44 kB[22m[1m[22m[2m Γöé gzip:   7.79 kB[22m
[2mpublic/build/[22m[36massets/stylus-Bdo_Aemu.js                       [39m[1m[2m   25.75 kB[22m[1m[22m[2m Γöé gzip:   8.60 kB[22m
[2mpublic/build/[22m[36massets/ApplicantProfileModal-VRy2mFFw.js        [39m[1m[2m   26.70 kB[22m[1m[22m[2m Γöé gzip:   6.13 kB[22m
[2mpublic/build/[22m[36massets/css-ZjFoif2m.js                          [39m[1m[2m   26.94 kB[22m[1m[22m[2m Γöé gzip:   8.43 kB[22m
[2mpublic/build/[22m[36massets/AccessControl-C8YU7cH0.js                [39m[1m[2m   27.15 kB[22m[1m[22m[2m Γöé gzip:   7.31 kB[22m
[2mpublic/build/[22m[36massets/index-Cxwod6Pg.js                        [39m[1m[2m   30.92 kB[22m[1m[22m[2m Γöé gzip:  12.66 kB[22m
[2mpublic/build/[22m[36massets/Index-DbUmbbz2.js                        [39m[1m[2m   31.46 kB[22m[1m[22m[2m Γöé gzip:   8.69 kB[22m
[2mpublic/build/[22m[36massets/index-CizzKZHQ.js                        [39m[1m[2m   32.28 kB[22m[1m[22m[2m Γöé gzip:  13.05 kB[22m
[2mpublic/build/[22m[36massets/Index-B7XmlQ59.js                        [39m[1m[2m   33.73 kB[22m[1m[22m[2m Γöé gzip:   8.87 kB[22m
[2mpublic/build/[22m[36massets/Index-BLGWQqHH.js                        [39m[1m[2m   36.09 kB[22m[1m[22m[2m Γöé gzip:  10.12 kB[22m
[2mpublic/build/[22m[36massets/sql-B3SPsWL6.js                          [39m[1m[2m   37.01 kB[22m[1m[22m[2m Γöé gzip:  10.93 kB[22m
[2mpublic/build/[22m[36massets/index-BCt9FXgy.js                        [39m[1m[2m   37.92 kB[22m[1m[22m[2m Γöé gzip:   6.03 kB[22m
[2mpublic/build/[22m[36massets/Index-ClkC7lDz.js                        [39m[1m[2m   38.38 kB[22m[1m[22m[2m Γöé gzip:   8.82 kB[22m
[2mpublic/build/[22m[36massets/marked.esm-Le6TcFqV.js                   [39m[1m[2m   39.51 kB[22m[1m[22m[2m Γöé gzip:  11.82 kB[22m
[2mpublic/build/[22m[36massets/index-DAsPfRON.js                        [39m[1m[2m   40.97 kB[22m[1m[22m[2m Γöé gzip:  16.88 kB[22m
[2mpublic/build/[22m[36massets/index-BH5etx7a.js                        [39m[1m[2m   44.89 kB[22m[1m[22m[2m Γöé gzip:  18.97 kB[22m
[2mpublic/build/[22m[36massets/index-Cur3dLB7.js                        [39m[1m[2m   47.18 kB[22m[1m[22m[2m Γöé gzip:  10.85 kB[22m
[2mpublic/build/[22m[36massets/Index-CjHPWjm9.js                        [39m[1m[2m   51.60 kB[22m[1m[22m[2m Γöé gzip:  13.24 kB[22m
[2mpublic/build/[22m[36massets/moment-gyA2PHTf.js                       [39m[1m[2m   60.01 kB[22m[1m[22m[2m Γöé gzip:  19.04 kB[22m
[2mpublic/build/[22m[36massets/index-D3aatXA5.js                        [39m[1m[2m   70.95 kB[22m[1m[22m[2m Γöé gzip:  25.92 kB[22m
[2mpublic/build/[22m[36massets/Index-C5bhJ4v1.js                        [39m[1m[2m   73.82 kB[22m[1m[22m[2m Γöé gzip:  16.85 kB[22m
[2mpublic/build/[22m[36massets/Show-BbrNF3qT.js                         [39m[1m[2m   97.41 kB[22m[1m[22m[2m Γöé gzip:  23.95 kB[22m
[2mpublic/build/[22m[36massets/index-Das0fU6W.js                        [39m[1m[2m   97.63 kB[22m[1m[22m[2m Γöé gzip:  28.26 kB[22m
[2mpublic/build/[22m[36massets/index-D_0mh-ID.js                        [39m[1m[2m  101.48 kB[22m[1m[22m[2m Γöé gzip:  33.76 kB[22m
[2mpublic/build/[22m[36massets/AdminLayout-DqtRNk95.js                  [39m[1m[2m  161.34 kB[22m[1m[22m[2m Γöé gzip:  64.62 kB[22m
[2mpublic/build/[22m[36massets/quill-CYeqVFFz.js                        [39m[1m[2m  180.99 kB[22m[1m[22m[2m Γöé gzip:  52.12 kB[22m
[2mpublic/build/[22m[36massets/Index-D4ccbTG7.js                        [39m[1m[2m  196.72 kB[22m[1m[22m[2m Γöé gzip:  65.81 kB[22m
[2mpublic/build/[22m[36massets/chart-Buk5HbgR.js                        [39m[1m[2m  205.69 kB[22m[1m[22m[2m Γöé gzip:  69.26 kB[22m
[2mpublic/build/[22m[36massets/index-CN7a9fcx.js                        [39m[1m[2m  318.75 kB[22m[1m[22m[2m Γöé gzip:  73.07 kB[22m
[2mpublic/build/[22m[36massets/SystemUpdates-DNt8MNWG.js                [39m[1m[2m  769.78 kB[22m[1m[22m[2m Γöé gzip: 250.95 kB[22m
[2mpublic/build/[22m[36massets/app-Dgnd_kxe.js                          [39m[1m[33m1,516.17 kB[39m[22m[2m Γöé gzip: 375.21 kB[22m
node.exe : [33m
At C:\nvm4w\nodejs\npm.ps1:29 char:3
+   & $NODE_EXE $NPM_CLI_JS $args
+   ~~~~~~~~~~~~~~~~~~~~~~~~~~~~~
    + CategoryInfo          : NotSpecified: ([33m:String) [], RemoteException
    + FullyQualifiedErrorId : NativeCommandError
 
(!) Some chunks are larger than 1000 kB after minification. Consider:
- Using dynamic import() to code-split the application
- Use build.rollupOptions.output.manualChunks to improve chunking: 
https://rollupjs.org/configuration-options/#output-manualchunks
- Adjust chunk size limit for this warning via 
build.chunkSizeWarningLimit.[39m
[32mΓ£ô built in 35.08s[39m
